Archive member included to satisfy reference by file (symbol)

C:/Users/Admin/Dev/devkitPro/libnx/lib\libnx.a(applet.o)
                              main.o (appletMainLoop)
C:/Users/Admin/Dev/devkitPro/libnx/lib\libnx.a(hosversion.o)
                              C:/Users/Admin/Dev/devkitPro/libnx/lib\libnx.a(applet.o) (hosversionGet)
C:/Users/Admin/Dev/devkitPro/libnx/lib\libnx.a(env.o)
                              C:/Users/Admin/Dev/devkitPro/libnx/lib\libnx.a(applet.o) (envIsNso)
C:/Users/Admin/Dev/devkitPro/libnx/lib\libnx.a(pad.o)
                              main.o (padConfigureInput)
C:/Users/Admin/Dev/devkitPro/libnx/lib\libnx.a(diag.o)
                              C:/Users/Admin/Dev/devkitPro/libnx/lib\libnx.a(applet.o) (diagAbortWithResult)
C:/Users/Admin/Dev/devkitPro/libnx/lib\libnx.a(console.o)
                              main.o (consoleInit)
C:/Users/Admin/Dev/devkitPro/libnx/lib\libnx.a(console_sw.o)
                              C:/Users/Admin/Dev/devkitPro/libnx/lib\libnx.a(console.o) (getDefaultConsoleRenderer)
C:/Users/Admin/Dev/devkitPro/libnx/lib\libnx.a(svc.o)
                              C:/Users/Admin/Dev/devkitPro/libnx/lib\libnx.a(applet.o) (svcExitProcess)
C:/Users/Admin/Dev/devkitPro/libnx/lib\libnx.a(switch_crt0.o)
                              (_start)
C:/Users/Admin/Dev/devkitPro/libnx/lib\libnx.a(default_font.bin.o)
                              C:/Users/Admin/Dev/devkitPro/libnx/lib\libnx.a(console.o) (default_font_bin)
C:/Users/Admin/Dev/devkitPro/libnx/lib\libnx.a(wait.o)
                              C:/Users/Admin/Dev/devkitPro/libnx/lib\libnx.a(applet.o) (waitObjects)
C:/Users/Admin/Dev/devkitPro/libnx/lib\libnx.a(tmem.o)
                              C:/Users/Admin/Dev/devkitPro/libnx/lib\libnx.a(applet.o) (tmemCreate)
C:/Users/Admin/Dev/devkitPro/libnx/lib\libnx.a(mutex.o)
                              C:/Users/Admin/Dev/devkitPro/libnx/lib\libnx.a(applet.o) (mutexLock)
C:/Users/Admin/Dev/devkitPro/libnx/lib\libnx.a(virtmem.o)
                              C:/Users/Admin/Dev/devkitPro/libnx/lib\libnx.a(tmem.o) (virtmemLock)
C:/Users/Admin/Dev/devkitPro/libnx/lib\libnx.a(event.o)
                              C:/Users/Admin/Dev/devkitPro/libnx/lib\libnx.a(applet.o) (eventLoadRemote)
C:/Users/Admin/Dev/devkitPro/libnx/lib\libnx.a(random.o)
                              C:/Users/Admin/Dev/devkitPro/libnx/lib\libnx.a(virtmem.o) (randomGet64)
C:/Users/Admin/Dev/devkitPro/libnx/lib\libnx.a(apm.o)
                              C:/Users/Admin/Dev/devkitPro/libnx/lib\libnx.a(applet.o) (apmInitialize)
C:/Users/Admin/Dev/devkitPro/libnx/lib\libnx.a(sm.o)
                              C:/Users/Admin/Dev/devkitPro/libnx/lib\libnx.a(env.o) (smAddOverrideHandle)
C:/Users/Admin/Dev/devkitPro/libnx/lib\libnx.a(hid.o)
                              C:/Users/Admin/Dev/devkitPro/libnx/lib\libnx.a(pad.o) (hidGetNpadStyleSet)
C:/Users/Admin/Dev/devkitPro/libnx/lib\libnx.a(framebuffer.o)
                              C:/Users/Admin/Dev/devkitPro/libnx/lib\libnx.a(console_sw.o) (framebufferMakeLinear)
C:/Users/Admin/Dev/devkitPro/libnx/lib\libnx.a(default_window.o)
                              C:/Users/Admin/Dev/devkitPro/libnx/lib\libnx.a(console_sw.o) (nwindowGetDefault)
C:/Users/Admin/Dev/devkitPro/libnx/lib\libnx.a(native_window.o)
                              C:/Users/Admin/Dev/devkitPro/libnx/lib\libnx.a(framebuffer.o) (nwindowIsValid)
C:/Users/Admin/Dev/devkitPro/libnx/lib\libnx.a(dynamic.o)
                              C:/Users/Admin/Dev/devkitPro/libnx/lib\libnx.a(switch_crt0.o) (__nx_dynamic)
C:/Users/Admin/Dev/devkitPro/libnx/lib\libnx.a(init.o)
                              C:/Users/Admin/Dev/devkitPro/libnx/lib\libnx.a(switch_crt0.o) (__libnx_init)
C:/Users/Admin/Dev/devkitPro/libnx/lib\libnx.a(alloc.o)
                              C:/Users/Admin/Dev/devkitPro/libnx/lib\libnx.a(virtmem.o) (__libnx_alloc)
C:/Users/Admin/Dev/devkitPro/libnx/lib\libnx.a(newlib.o)
                              C:/Users/Admin/Dev/devkitPro/libnx/lib\libnx.a(init.o) (__libnx_init_time)
C:/Users/Admin/Dev/devkitPro/libnx/lib\libnx.a(argv.o)
                              C:/Users/Admin/Dev/devkitPro/libnx/lib\libnx.a(init.o) (argvSetup)
C:/Users/Admin/Dev/devkitPro/libnx/lib\libnx.a(fs_dev.o)
                              C:/Users/Admin/Dev/devkitPro/libnx/lib\libnx.a(init.o) (fsdevMountSdmc)
C:/Users/Admin/Dev/devkitPro/libnx/lib\libnx.a(decode_utf8.o)
                              C:/Users/Admin/Dev/devkitPro/libnx/lib\libnx.a(fs_dev.o) (decode_utf8)
C:/Users/Admin/Dev/devkitPro/libnx/lib\libnx.a(cache.o)
                              C:/Users/Admin/Dev/devkitPro/libnx/lib\libnx.a(framebuffer.o) (armDCacheFlush)
C:/Users/Admin/Dev/devkitPro/libnx/lib\libnx.a(exception.o)
                              C:/Users/Admin/Dev/devkitPro/libnx/lib\libnx.a(switch_crt0.o) (__libnx_exception_entry)
[...]
Memory Configuration

Name             Origin             Length             Attributes
*default*        0x0000000000000000 0xffffffffffffffff

Linker script and memory map

                0x0000000000000000                PROVIDE (__start__ = 0x0)
                0x0000000000000000                . = __start__
                0x0000000000000000                __code_start = .

.text           0x0000000000000000    0x2b820
 *(.crt0)
 .crt0          0x0000000000000000      0x140 C:/Users/Admin/Dev/devkitPro/libnx/lib\libnx.a(switch_crt0.o)
                0x0000000000000000                _start
                0x0000000000000108                __nx_exit
                0x0000000000000118                __nx_mod0
 *(.text.unlikely .text.*_unlikely .text.unlikely.*)
 *(.text.exit .text.exit.*)
 .text.exit     0x0000000000000140       0x34 c:/users/admin/dev/devkitpro/devkita64/bin/../lib/gcc/aarch64-none-elf/12.2.0/../../../../aarch64-none-elf/lib/pic\libg.a(libc_a-exit.o)
                0x0000000000000140                exit
 *(.text.startup .text.startup.*)
 *fill*         0x0000000000000174        0xc 
 .text.startup.main
                0x0000000000000180      0x26c main.o
                0x0000000000000180                main
 *(.text.hot .text.hot.*)
 *(.text .stub .text.* .gnu.linkonce.t.*)
 *fill*         0x00000000000003ec        0x4 
 .text.__do_global_dtors_aux
                0x00000000000003f0       0x44 c:/users/admin/dev/devkitpro/devkita64/bin/../lib/gcc/aarch64-none-elf/12.2.0/pic/crtbegin.o
 *fill*         0x0000000000000434        0xc 
 .text.frame_dummy
                0x0000000000000440       0x24 c:/users/admin/dev/devkitpro/devkita64/bin/../lib/gcc/aarch64-none-elf/12.2.0/pic/crtbegin.o
 *fill*         0x0000000000000464        0xc 
 .text.clear    0x0000000000000470       0x94 main.o
                0x0000000000000470                clear
 *fill*         0x0000000000000504        0xc 
 .text.help     0x0000000000000510       0x88 main.o
                0x0000000000000510                help
 *fill*         0x0000000000000598        0x8 
 .text._appletInfiniteSleepLoop
                0x00000000000005a0       0x24 C:/Users/Admin/Dev/devkitPro/libnx/lib\libnx.a(applet.o)
 *fill*         0x00000000000005c4        0xc 
 .text._appletCmdGetSession
                0x00000000000005d0      0x108 C:/Users/Admin/Dev/devkitPro/libnx/lib\libnx.a(applet.o)
 *fill*         0x00000000000006d8        0x8 
 .text._appletCmdInU8NoOut
                0x00000000000006e0       0xcc C:/Users/Admin/Dev/devkitPro/libnx/lib\libnx.a(applet.o)
 *fill*         0x00000000000007ac        0x4 
 .text._appletGetLaunchReason
                0x00000000000007b0      0x104 C:/Users/Admin/Dev/devkitPro/libnx/lib\libnx.a(applet.o)
 *fill*         0x00000000000008b4        0xc 
 .text._appletSetFocusHandlingMode
                0x00000000000008c0       0xe4 C:/Users/Admin/Dev/devkitPro/libnx/lib\libnx.a(applet.o)
 *fill*         0x00000000000009a4        0xc 
 .text._appletCmdInU32NoOut
                0x00000000000009b0       0xcc C:/Users/Admin/Dev/devkitPro/libnx/lib\libnx.a(applet.o)
 *fill*         0x0000000000000a7c        0x4 
 .text._appletGetSessionProxy.constprop.0
                0x0000000000000a80      0x138 C:/Users/Admin/Dev/devkitPro/libnx/lib\libnx.a(applet.o)
 *fill*         0x0000000000000bb8        0x8 
 .text._appletOpenLibraryAppletProxy.constprop.0
                0x0000000000000bc0      0x154 C:/Users/Admin/Dev/devkitPro/libnx/lib\libnx.a(applet.o)
 *fill*         0x0000000000000d14        0xc 
 .text._appletCmdGetHandle.constprop.0.isra.0
                0x0000000000000d20       0xd0 C:/Users/Admin/Dev/devkitPro/libnx/lib\libnx.a(applet.o)
 .text._appletCmdNoInOutU8.isra.0
                0x0000000000000df0       0xd4 C:/Users/Admin/Dev/devkitPro/libnx/lib\libnx.a(applet.o)
 *fill*         0x0000000000000ec4        0xc 
 .text._appletCmdNoInOutU32.isra.0
                0x0000000000000ed0       0xd4 C:/Users/Admin/Dev/devkitPro/libnx/lib\libnx.a(applet.o)
 *fill*         0x0000000000000fa4        0xc 
 .text._appletCmdNoInOutU64.isra.0
                0x0000000000000fb0       0xd4 C:/Users/Admin/Dev/devkitPro/libnx/lib\libnx.a(applet.o)
 *fill*         0x0000000000001084        0xc 
 .text._appletCmdNoIO.isra.0
                0x0000000000001090       0xc0 C:/Users/Admin/Dev/devkitPro/libnx/lib\libnx.a(applet.o)
 .text.appletGetAppletType
                0x0000000000001150       0x10 C:/Users/Admin/Dev/devkitPro/libnx/lib\libnx.a(applet.o)
                0x0000000000001150                appletGetAppletType
 .text.appletSetFocusHandlingMode
                0x0000000000001160      0x110 C:/Users/Admin/Dev/devkitPro/libnx/lib\libnx.a(applet.o)
                0x0000000000001160                appletSetFocusHandlingMode
 .text.appletSetCpuBoostMode
                0x0000000000001270       0x5c C:/Users/Admin/Dev/devkitPro/libnx/lib\libnx.a(applet.o)
                0x0000000000001270                appletSetCpuBoostMode
 *fill*         0x00000000000012cc        0x4 
 .text.appletCreateManagedDisplayLayer
                0x00000000000012d0       0x2c C:/Users/Admin/Dev/devkitPro/libnx/lib\libnx.a(applet.o)
                0x00000000000012d0                appletCreateManagedDisplayLayer
 *fill*         0x00000000000012fc        0x4 
 .text.appletGetAppletResourceUserId
                0x0000000000001300        0xc C:/Users/Admin/Dev/devkitPro/libnx/lib\libnx.a(applet.o)
                0x0000000000001300                appletGetAppletResourceUserId
 *fill*         0x000000000000130c        0x4 
 .text._appletGetIndirectLayerConsumerHandle
                0x0000000000001310       0xf8 C:/Users/Admin/Dev/devkitPro/libnx/lib\libnx.a(applet.o)
 *fill*         0x0000000000001408        0x8 
 .text._appletHolderCreateState
                0x0000000000001410       0x88 C:/Users/Admin/Dev/devkitPro/libnx/lib\libnx.a(applet.o)
 *fill*         0x0000000000001498        0x8 
 .text.appletHolderClose
                0x00000000000014a0       0xac C:/Users/Admin/Dev/devkitPro/libnx/lib\libnx.a(applet.o)
                0x00000000000014a0                appletHolderClose
 *fill*         0x000000000000154c        0x4 
 .text.appletHolderGetLibraryAppletInfo
                0x0000000000001550       0x24 C:/Users/Admin/Dev/devkitPro/libnx/lib\libnx.a(applet.o)
                0x0000000000001550                appletHolderGetLibraryAppletInfo
 *fill*         0x0000000000001574        0xc 
 .text.appletNotifyRunning
                0x0000000000001580       0x90 C:/Users/Admin/Dev/devkitPro/libnx/lib\libnx.a(applet.o)
                0x0000000000001580                appletNotifyRunning
 .text.appletSetGamePlayRecordingState
                0x0000000000001610       0x8c C:/Users/Admin/Dev/devkitPro/libnx/lib\libnx.a(applet.o)
                0x0000000000001610                appletSetGamePlayRecordingState
 *fill*         0x000000000000169c        0x4 
 .text._appletCleanup
                0x00000000000016a0      0xad0 C:/Users/Admin/Dev/devkitPro/libnx/lib\libnx.a(applet.o)
 .text.appletExit
                0x0000000000002170       0x44 C:/Users/Admin/Dev/devkitPro/libnx/lib\libnx.a(applet.o)
                0x0000000000002170                appletExit
 *fill*         0x00000000000021b4        0xc 
 .text.appletGetLibraryAppletInfo
                0x00000000000021c0       0x40 C:/Users/Admin/Dev/devkitPro/libnx/lib\libnx.a(applet.o)
                0x00000000000021c0                appletGetLibraryAppletInfo
 .text.appletInitialize
                0x0000000000002200      0xae0 C:/Users/Admin/Dev/devkitPro/libnx/lib\libnx.a(applet.o)
                0x0000000000002200                appletInitialize
 .text._appletExitProcess
                0x0000000000002ce0       0x24 C:/Users/Admin/Dev/devkitPro/libnx/lib\libnx.a(applet.o)
 *fill*         0x0000000000002d04        0xc 
 .text.appletGetMessage
                0x0000000000002d10       0x74 C:/Users/Admin/Dev/devkitPro/libnx/lib\libnx.a(applet.o)
                0x0000000000002d10                appletGetMessage
 *fill*         0x0000000000002d84        0xc 
 .text.appletProcessMessage
                0x0000000000002d90      0x25c C:/Users/Admin/Dev/devkitPro/libnx/lib\libnx.a(applet.o)
                0x0000000000002d90                appletProcessMessage
 *fill*         0x0000000000002fec        0x4 
 .text.appletMainLoop
                0x0000000000002ff0       0x34 C:/Users/Admin/Dev/devkitPro/libnx/lib\libnx.a(applet.o)
                0x0000000000002ff0                appletMainLoop
 *fill*         0x0000000000003024        0xc 
 .text.hosversionGet
                0x0000000000003030       0x14 C:/Users/Admin/Dev/devkitPro/libnx/lib\libnx.a(hosversion.o)
                0x0000000000003030                hosversionGet
 *fill*         0x0000000000003044        0xc 
 .text.hosversionSet
                0x0000000000003050       0x10 C:/Users/Admin/Dev/devkitPro/libnx/lib\libnx.a(hosversion.o)
                0x0000000000003050                hosversionSet
 .text.envSetup
                0x0000000000003060      0x208 C:/Users/Admin/Dev/devkitPro/libnx/lib\libnx.a(env.o)
                0x0000000000003060                envSetup
 *fill*         0x0000000000003268        0x8 
 .text.envGetMainThreadHandle
                0x0000000000003270       0x20 C:/Users/Admin/Dev/devkitPro/libnx/lib\libnx.a(env.o)
                0x0000000000003270                envGetMainThreadHandle
 .text.envIsNso
                0x0000000000003290        0xc C:/Users/Admin/Dev/devkitPro/libnx/lib\libnx.a(env.o)
                0x0000000000003290                envIsNso
 *fill*         0x000000000000329c        0x4 
 .text.envHasHeapOverride
                0x00000000000032a0       0x14 C:/Users/Admin/Dev/devkitPro/libnx/lib\libnx.a(env.o)
                0x00000000000032a0                envHasHeapOverride
 *fill*         0x00000000000032b4        0xc 
 .text.envGetHeapOverrideAddr
                0x00000000000032c0        0xc C:/Users/Admin/Dev/devkitPro/libnx/lib\libnx.a(env.o)
                0x00000000000032c0                envGetHeapOverrideAddr
 *fill*         0x00000000000032cc        0x4 
 .text.envGetHeapOverrideSize
                0x00000000000032d0        0xc C:/Users/Admin/Dev/devkitPro/libnx/lib\libnx.a(env.o)
                0x00000000000032d0                envGetHeapOverrideSize
 *fill*         0x00000000000032dc        0x4 
 .text.envHasArgv
                0x00000000000032e0       0x14 C:/Users/Admin/Dev/devkitPro/libnx/lib\libnx.a(env.o)
                0x00000000000032e0                envHasArgv
 *fill*         0x00000000000032f4        0xc 
 .text.envGetArgv
                0x0000000000003300        0xc C:/Users/Admin/Dev/devkitPro/libnx/lib\libnx.a(env.o)
                0x0000000000003300                envGetArgv
 *fill*         0x000000000000330c        0x4 
 .text.envGetExitFuncPtr
                0x0000000000003310        0xc C:/Users/Admin/Dev/devkitPro/libnx/lib\libnx.a(env.o)
                0x0000000000003310                envGetExitFuncPtr
 *fill*         0x000000000000331c        0x4 
 .text.envSetExitFuncPtr
                0x0000000000003320        0xc C:/Users/Admin/Dev/devkitPro/libnx/lib\libnx.a(env.o)
                0x0000000000003320                envSetExitFuncPtr
 *fill*         0x000000000000332c        0x4 
 .text.envHasRandomSeed
                0x0000000000003330        0xc C:/Users/Admin/Dev/devkitPro/libnx/lib\libnx.a(env.o)
                0x0000000000003330                envHasRandomSeed
 *fill*         0x000000000000333c        0x4 
 .text.envGetRandomSeed
                0x0000000000003340       0x10 C:/Users/Admin/Dev/devkitPro/libnx/lib\libnx.a(env.o)
                0x0000000000003340                envGetRandomSeed
 .text._padUpdateWithCommonState
                0x0000000000003350       0x5c C:/Users/Admin/Dev/devkitPro/libnx/lib\libnx.a(pad.o)
 *fill*         0x00000000000033ac        0x4 
 .text.padConfigureInput
                0x00000000000033b0       0x9c C:/Users/Admin/Dev/devkitPro/libnx/lib\libnx.a(pad.o)
                0x00000000000033b0                padConfigureInput
 *fill*         0x000000000000344c        0x4 
 .text.padInitializeWithMask
                0x0000000000003450       0x24 C:/Users/Admin/Dev/devkitPro/libnx/lib\libnx.a(pad.o)
                0x0000000000003450                padInitializeWithMask
 *fill*         0x0000000000003474        0xc 
 .text.padUpdate
                0x0000000000003480      0x240 C:/Users/Admin/Dev/devkitPro/libnx/lib\libnx.a(pad.o)
                0x0000000000003480                padUpdate
 .text.diagAbortWithResult
                0x00000000000036c0       0x1c C:/Users/Admin/Dev/devkitPro/libnx/lib\libnx.a(diag.o)
                0x00000000000036c0                diagAbortWithResult
 *fill*         0x00000000000036dc        0x4 
 .text.consoleDrawChar
                0x00000000000036e0       0x48 C:/Users/Admin/Dev/devkitPro/libnx/lib\libnx.a(console.o)
 *fill*         0x0000000000003728        0x8 
 .text.parseColor
                0x0000000000003730      0x1fc C:/Users/Admin/Dev/devkitPro/libnx/lib\libnx.a(console.o)
 *fill*         0x000000000000392c        0x4 
 .text.consoleNewRow
                0x0000000000003930       0xb0 C:/Users/Admin/Dev/devkitPro/libnx/lib\libnx.a(console.o)
 .text.con_write
                0x00000000000039e0      0xc8c C:/Users/Admin/Dev/devkitPro/libnx/lib\libnx.a(console.o)
 *fill*         0x000000000000466c        0x4 
 .text.consoleInit
                0x0000000000004670      0x160 C:/Users/Admin/Dev/devkitPro/libnx/lib\libnx.a(console.o)
                0x0000000000004670                consoleInit
 .text.consoleExit
                0x00000000000047d0       0x48 C:/Users/Admin/Dev/devkitPro/libnx/lib\libnx.a(console.o)
                0x00000000000047d0                consoleExit
 *fill*         0x0000000000004818        0x8 
 .text.consoleUpdate
                0x0000000000004820       0x2c C:/Users/Admin/Dev/devkitPro/libnx/lib\libnx.a(console.o)
                0x0000000000004820                consoleUpdate
 *fill*         0x000000000000484c        0x4 
 .text.consoleClear
                0x0000000000004850       0x84 C:/Users/Admin/Dev/devkitPro/libnx/lib\libnx.a(console.o)
                0x0000000000004850                consoleClear
 *fill*         0x00000000000048d4        0xc 
 .text.ConsoleSwRenderer_drawChar
                0x00000000000048e0      0x1b8 C:/Users/Admin/Dev/devkitPro/libnx/lib\libnx.a(console_sw.o)
 *fill*         0x0000000000004a98        0x8 
 .text.ConsoleSwRenderer_init
                0x0000000000004aa0       0xf8 C:/Users/Admin/Dev/devkitPro/libnx/lib\libnx.a(console_sw.o)
 *fill*         0x0000000000004b98        0x8 
 .text.ConsoleSwRenderer_flushAndSwap
                0x0000000000004ba0       0x70 C:/Users/Admin/Dev/devkitPro/libnx/lib\libnx.a(console_sw.o)
 .text.ConsoleSwRenderer_scrollWindow
                0x0000000000004c10       0xd8 C:/Users/Admin/Dev/devkitPro/libnx/lib\libnx.a(console_sw.o)
 *fill*         0x0000000000004ce8        0x8 
 .text.ConsoleSwRenderer_deinit
                0x0000000000004cf0       0x4c C:/Users/Admin/Dev/devkitPro/libnx/lib\libnx.a(console_sw.o)
 *fill*         0x0000000000004d3c        0x4 
 .text.getDefaultConsoleRenderer
                0x0000000000004d40        0xc C:/Users/Admin/Dev/devkitPro/libnx/lib\libnx.a(console_sw.o)
                0x0000000000004d40                getDefaultConsoleRenderer
 .text.svcSetHeapSize
                0x0000000000004d4c       0x14 C:/Users/Admin/Dev/devkitPro/libnx/lib\libnx.a(svc.o)
                0x0000000000004d4c                svcSetHeapSize
 .text.svcSetMemoryAttribute
                0x0000000000004d60        0x8 C:/Users/Admin/Dev/devkitPro/libnx/lib\libnx.a(svc.o)
                0x0000000000004d60                svcSetMemoryAttribute
 .text.svcUnmapMemory
                0x0000000000004d68        0x8 C:/Users/Admin/Dev/devkitPro/libnx/lib\libnx.a(svc.o)
                0x0000000000004d68                svcUnmapMemory
 .text.svcQueryMemory
                0x0000000000004d70       0x14 C:/Users/Admin/Dev/devkitPro/libnx/lib\libnx.a(svc.o)
                0x0000000000004d70                svcQueryMemory
 .text.svcExitProcess
                0x0000000000004d84        0x8 C:/Users/Admin/Dev/devkitPro/libnx/lib\libnx.a(svc.o)
                0x0000000000004d84                svcExitProcess
 .text.svcSleepThread
                0x0000000000004d8c        0x8 C:/Users/Admin/Dev/devkitPro/libnx/lib\libnx.a(svc.o)
                0x0000000000004d8c                svcSleepThread
 .text.svcMapSharedMemory
                0x0000000000004d94        0x8 C:/Users/Admin/Dev/devkitPro/libnx/lib\libnx.a(svc.o)
                0x0000000000004d94                svcMapSharedMemory
 .text.svcUnmapSharedMemory
                0x0000000000004d9c        0x8 C:/Users/Admin/Dev/devkitPro/libnx/lib\libnx.a(svc.o)
                0x0000000000004d9c                svcUnmapSharedMemory
 .text.svcCreateTransferMemory
                0x0000000000004da4       0x14 C:/Users/Admin/Dev/devkitPro/libnx/lib\libnx.a(svc.o)
                0x0000000000004da4                svcCreateTransferMemory
 .text.svcCloseHandle
                0x0000000000004db8        0x8 C:/Users/Admin/Dev/devkitPro/libnx/lib\libnx.a(svc.o)
                0x0000000000004db8                svcCloseHandle
 .text.svcResetSignal
                0x0000000000004dc0        0x8 C:/Users/Admin/Dev/devkitPro/libnx/lib\libnx.a(svc.o)
                0x0000000000004dc0                svcResetSignal
 .text.svcWaitSynchronization
                0x0000000000004dc8       0x14 C:/Users/Admin/Dev/devkitPro/libnx/lib\libnx.a(svc.o)
                0x0000000000004dc8                svcWaitSynchronization
 .text.svcArbitrateLock
                0x0000000000004ddc        0x8 C:/Users/Admin/Dev/devkitPro/libnx/lib\libnx.a(svc.o)
                0x0000000000004ddc                svcArbitrateLock
 .text.svcArbitrateUnlock
                0x0000000000004de4        0x8 C:/Users/Admin/Dev/devkitPro/libnx/lib\libnx.a(svc.o)
                0x0000000000004de4                svcArbitrateUnlock
 .text.svcWaitProcessWideKeyAtomic
                0x0000000000004dec        0x8 C:/Users/Admin/Dev/devkitPro/libnx/lib\libnx.a(svc.o)
                0x0000000000004dec                svcWaitProcessWideKeyAtomic
 .text.svcSignalProcessWideKey
                0x0000000000004df4        0x8 C:/Users/Admin/Dev/devkitPro/libnx/lib\libnx.a(svc.o)
                0x0000000000004df4                svcSignalProcessWideKey
 .text.svcConnectToNamedPort
                0x0000000000004dfc       0x14 C:/Users/Admin/Dev/devkitPro/libnx/lib\libnx.a(svc.o)
                0x0000000000004dfc                svcConnectToNamedPort
 .text.svcSendSyncRequest
                0x0000000000004e10        0x8 C:/Users/Admin/Dev/devkitPro/libnx/lib\libnx.a(svc.o)
                0x0000000000004e10                svcSendSyncRequest
 .text.svcBreak
                0x0000000000004e18        0x8 C:/Users/Admin/Dev/devkitPro/libnx/lib\libnx.a(svc.o)
                0x0000000000004e18                svcBreak
 .text.svcReturnFromException
                0x0000000000004e20        0x8 C:/Users/Admin/Dev/devkitPro/libnx/lib\libnx.a(svc.o)
                0x0000000000004e20                svcReturnFromException
 .text.svcGetInfo
                0x0000000000004e28       0x14 C:/Users/Admin/Dev/devkitPro/libnx/lib\libnx.a(svc.o)
                0x0000000000004e28                svcGetInfo
 .text.svcUnmapTransferMemory
                0x0000000000004e3c        0x8 C:/Users/Admin/Dev/devkitPro/libnx/lib\libnx.a(svc.o)
                0x0000000000004e3c                svcUnmapTransferMemory
 *fill*         0x0000000000004e44        0xc 
 .text.waitObjects
                0x0000000000004e50      0x508 C:/Users/Admin/Dev/devkitPro/libnx/lib\libnx.a(wait.o)
                0x0000000000004e50                waitObjects
 *fill*         0x0000000000005358        0x8 
 .text.tmemCreate
                0x0000000000005360       0xa8 C:/Users/Admin/Dev/devkitPro/libnx/lib\libnx.a(tmem.o)
                0x0000000000005360                tmemCreate
 *fill*         0x0000000000005408        0x8 
 .text.tmemUnmap
                0x0000000000005410       0x34 C:/Users/Admin/Dev/devkitPro/libnx/lib\libnx.a(tmem.o)
                0x0000000000005410                tmemUnmap
 *fill*         0x0000000000005444        0xc 
 .text.tmemClose
                0x0000000000005450       0x68 C:/Users/Admin/Dev/devkitPro/libnx/lib\libnx.a(tmem.o)
                0x0000000000005450                tmemClose
 *fill*         0x00000000000054b8        0x8 
 .text.mutexLock
                0x00000000000054c0       0x80 C:/Users/Admin/Dev/devkitPro/libnx/lib\libnx.a(mutex.o)
                0x00000000000054c0                mutexLock
 .text.mutexUnlock
                0x0000000000005540       0x68 C:/Users/Admin/Dev/devkitPro/libnx/lib\libnx.a(mutex.o)
                0x0000000000005540                mutexUnlock
 *fill*         0x00000000000055a8        0x8 
 .text.mutexIsLockedByCurrentThread
                0x00000000000055b0       0x1c C:/Users/Admin/Dev/devkitPro/libnx/lib\libnx.a(mutex.o)
                0x00000000000055b0                mutexIsLockedByCurrentThread
 *fill*         0x00000000000055cc        0x4 
 .text.rmutexLock
                0x00000000000055d0       0x4c C:/Users/Admin/Dev/devkitPro/libnx/lib\libnx.a(mutex.o)
                0x00000000000055d0                rmutexLock
 *fill*         0x000000000000561c        0x4 
 .text.rmutexUnlock
                0x0000000000005620       0x1c C:/Users/Admin/Dev/devkitPro/libnx/lib\libnx.a(mutex.o)
                0x0000000000005620                rmutexUnlock
 *fill*         0x000000000000563c        0x4 
 .text._memregionInitWithInfo
                0x0000000000005640       0x64 C:/Users/Admin/Dev/devkitPro/libnx/lib\libnx.a(virtmem.o)
 *fill*         0x00000000000056a4        0xc 
 .text.__libnx_virtmem_rng
                0x00000000000056b0        0x4 C:/Users/Admin/Dev/devkitPro/libnx/lib\libnx.a(virtmem.o)
                0x00000000000056b0                __libnx_virtmem_rng
 *fill*         0x00000000000056b4        0xc 
 .text._memregionFindRandom
                0x00000000000056c0      0x16c C:/Users/Admin/Dev/devkitPro/libnx/lib\libnx.a(virtmem.o)
 *fill*         0x000000000000582c        0x4 
 .text.virtmemSetup
                0x0000000000005830      0x120 C:/Users/Admin/Dev/devkitPro/libnx/lib\libnx.a(virtmem.o)
                0x0000000000005830                virtmemSetup
 .text.virtmemLock
                0x0000000000005950        0xc C:/Users/Admin/Dev/devkitPro/libnx/lib\libnx.a(virtmem.o)
                0x0000000000005950                virtmemLock
 *fill*         0x000000000000595c        0x4 
 .text.virtmemUnlock
                0x0000000000005960        0xc C:/Users/Admin/Dev/devkitPro/libnx/lib\libnx.a(virtmem.o)
                0x0000000000005960                virtmemUnlock
 *fill*         0x000000000000596c        0x4 
 .text.virtmemFindAslr
                0x0000000000005970       0x54 C:/Users/Admin/Dev/devkitPro/libnx/lib\libnx.a(virtmem.o)
                0x0000000000005970                virtmemFindAslr
 *fill*         0x00000000000059c4        0xc 
 .text.eventLoadRemote
                0x00000000000059d0        0xc C:/Users/Admin/Dev/devkitPro/libnx/lib\libnx.a(event.o)
                0x00000000000059d0                eventLoadRemote
 *fill*         0x00000000000059dc        0x4 
 .text.eventWait
                0x00000000000059e0       0x38 C:/Users/Admin/Dev/devkitPro/libnx/lib\libnx.a(event.o)
                0x00000000000059e0                eventWait
 *fill*         0x0000000000005a18        0x8 
 .text.eventClose
                0x0000000000005a20       0x50 C:/Users/Admin/Dev/devkitPro/libnx/lib\libnx.a(event.o)
                0x0000000000005a20                eventClose
 .text.randomGet
                0x0000000000005a70      0x3dc C:/Users/Admin/Dev/devkitPro/libnx/lib\libnx.a(random.o)
                0x0000000000005a70                randomGet
 *fill*         0x0000000000005e4c        0x4 
 .text.randomGet64
                0x0000000000005e50       0x20 C:/Users/Admin/Dev/devkitPro/libnx/lib\libnx.a(random.o)
                0x0000000000005e50                randomGet64
 .text._apmCleanup
                0x0000000000005e70       0xc0 C:/Users/Admin/Dev/devkitPro/libnx/lib\libnx.a(apm.o)
 .text._apmCmdGetSession.constprop.0
                0x0000000000005f30       0xfc C:/Users/Admin/Dev/devkitPro/libnx/lib\libnx.a(apm.o)
 *fill*         0x000000000000602c        0x4 
 .text.apmInitialize
                0x0000000000006030       0xa0 C:/Users/Admin/Dev/devkitPro/libnx/lib\libnx.a(apm.o)
                0x0000000000006030                apmInitialize
 .text.apmExit  0x00000000000060d0       0x44 C:/Users/Admin/Dev/devkitPro/libnx/lib\libnx.a(apm.o)
                0x00000000000060d0                apmExit
 *fill*         0x0000000000006114        0xc 
 .text.apmSetPerformanceConfiguration
                0x0000000000006120       0xc8 C:/Users/Admin/Dev/devkitPro/libnx/lib\libnx.a(apm.o)
                0x0000000000006120                apmSetPerformanceConfiguration
 *fill*         0x00000000000061e8        0x8 
 .text._smCmifCmdInPid
                0x00000000000061f0       0xd0 C:/Users/Admin/Dev/devkitPro/libnx/lib\libnx.a(sm.o)
 .text._smCleanup
                0x00000000000062c0       0x68 C:/Users/Admin/Dev/devkitPro/libnx/lib\libnx.a(sm.o)
 *fill*         0x0000000000006328        0x8 
 .text.smAddOverrideHandle
                0x0000000000006330       0x48 C:/Users/Admin/Dev/devkitPro/libnx/lib\libnx.a(sm.o)
                0x0000000000006330                smAddOverrideHandle
 *fill*         0x0000000000006378        0x8 
 .text.smGetServiceOverride
                0x0000000000006380       0x54 C:/Users/Admin/Dev/devkitPro/libnx/lib\libnx.a(sm.o)
                0x0000000000006380                smGetServiceOverride
 *fill*         0x00000000000063d4        0xc 
 .text.smInitialize
                0x00000000000063e0      0x1c0 C:/Users/Admin/Dev/devkitPro/libnx/lib\libnx.a(sm.o)
                0x00000000000063e0                smInitialize
 .text.smExit   0x00000000000065a0       0x44 C:/Users/Admin/Dev/devkitPro/libnx/lib\libnx.a(sm.o)
                0x00000000000065a0                smExit
 *fill*         0x00000000000065e4        0xc 
 .text.smGetServiceOriginal
                0x00000000000065f0       0xd0 C:/Users/Admin/Dev/devkitPro/libnx/lib\libnx.a(sm.o)
                0x00000000000065f0                smGetServiceOriginal
 .text.smGetServiceWrapper
                0x00000000000066c0      0x120 C:/Users/Admin/Dev/devkitPro/libnx/lib\libnx.a(sm.o)
                0x00000000000066c0                smGetServiceWrapper
 .text._hidCleanup
                0x00000000000067e0      0x108 C:/Users/Admin/Dev/devkitPro/libnx/lib\libnx.a(hid.o)
 *fill*         0x00000000000068e8        0x8 
 .text._hidCmdInAruidNoOut
                0x00000000000068f0       0xd8 C:/Users/Admin/Dev/devkitPro/libnx/lib\libnx.a(hid.o)
 *fill*         0x00000000000069c8        0x8 
 .text._hidCmdInU32AruidNoOut
                0x00000000000069d0       0xe4 C:/Users/Admin/Dev/devkitPro/libnx/lib\libnx.a(hid.o)
 *fill*         0x0000000000006ab4        0xc 
 .text._hidGetStates
                0x0000000000006ac0      0x1a4 C:/Users/Admin/Dev/devkitPro/libnx/lib\libnx.a(hid.o)
 *fill*         0x0000000000006c64        0xc 
 .text._hidCreateAppletResource.constprop.0
                0x0000000000006c70      0x114 C:/Users/Admin/Dev/devkitPro/libnx/lib\libnx.a(hid.o)
 *fill*         0x0000000000006d84        0xc 
 .text._hidCmdGetHandle.constprop.0
                0x0000000000006d90       0xc8 C:/Users/Admin/Dev/devkitPro/libnx/lib\libnx.a(hid.o)
 *fill*         0x0000000000006e58        0x8 
 .text.hidInitialize
                0x0000000000006e60       0xdc C:/Users/Admin/Dev/devkitPro/libnx/lib\libnx.a(hid.o)
                0x0000000000006e60                hidInitialize
 *fill*         0x0000000000006f3c        0x4 
 .text.hidExit  0x0000000000006f40       0x44 C:/Users/Admin/Dev/devkitPro/libnx/lib\libnx.a(hid.o)
                0x0000000000006f40                hidExit
 *fill*         0x0000000000006f84        0xc 
 .text.hidGetSharedmemAddr
                0x0000000000006f90        0xc C:/Users/Admin/Dev/devkitPro/libnx/lib\libnx.a(hid.o)
                0x0000000000006f90                hidGetSharedmemAddr
 *fill*         0x0000000000006f9c        0x4 
 .text.hidGetNpadStyleSet
                0x0000000000006fa0       0x94 C:/Users/Admin/Dev/devkitPro/libnx/lib\libnx.a(hid.o)
                0x0000000000006fa0                hidGetNpadStyleSet
 *fill*         0x0000000000007034        0xc 
 .text.hidInitializeNpad
                0x0000000000007040       0x6c C:/Users/Admin/Dev/devkitPro/libnx/lib\libnx.a(hid.o)
                0x0000000000007040                hidInitializeNpad
 *fill*         0x00000000000070ac        0x4 
 .text.hidGetNpadStatesFullKey
                0x00000000000070b0       0xac C:/Users/Admin/Dev/devkitPro/libnx/lib\libnx.a(hid.o)
                0x00000000000070b0                hidGetNpadStatesFullKey
 *fill*         0x000000000000715c        0x4 
 .text.hidGetNpadStatesHandheld
                0x0000000000007160       0xac C:/Users/Admin/Dev/devkitPro/libnx/lib\libnx.a(hid.o)
                0x0000000000007160                hidGetNpadStatesHandheld
 *fill*         0x000000000000720c        0x4 
 .text.hidGetNpadStatesJoyDual
                0x0000000000007210       0xac C:/Users/Admin/Dev/devkitPro/libnx/lib\libnx.a(hid.o)
                0x0000000000007210                hidGetNpadStatesJoyDual
 *fill*         0x00000000000072bc        0x4 
 .text.hidGetNpadStatesJoyLeft
                0x00000000000072c0       0xac C:/Users/Admin/Dev/devkitPro/libnx/lib\libnx.a(hid.o)
                0x00000000000072c0                hidGetNpadStatesJoyLeft
 *fill*         0x000000000000736c        0x4 
 .text.hidGetNpadStatesJoyRight
                0x0000000000007370       0xac C:/Users/Admin/Dev/devkitPro/libnx/lib\libnx.a(hid.o)
                0x0000000000007370                hidGetNpadStatesJoyRight
 *fill*         0x000000000000741c        0x4 
 .text.hidGetNpadStatesGc
                0x0000000000007420      0x168 C:/Users/Admin/Dev/devkitPro/libnx/lib\libnx.a(hid.o)
                0x0000000000007420                hidGetNpadStatesGc
 *fill*         0x0000000000007588        0x8 
 .text.hidGetNpadStatesSystemExt
                0x0000000000007590       0xb0 C:/Users/Admin/Dev/devkitPro/libnx/lib\libnx.a(hid.o)
                0x0000000000007590                hidGetNpadStatesSystemExt
 .text.hidSetSupportedNpadStyleSet
                0x0000000000007640        0x8 C:/Users/Admin/Dev/devkitPro/libnx/lib\libnx.a(hid.o)
                0x0000000000007640                hidSetSupportedNpadStyleSet
 *fill*         0x0000000000007648        0x8 
 .text.hidSetSupportedNpadIdType
                0x0000000000007650      0x100 C:/Users/Admin/Dev/devkitPro/libnx/lib\libnx.a(hid.o)
                0x0000000000007650                hidSetSupportedNpadIdType
 .text.framebufferMakeLinear
                0x0000000000007750       0x8c C:/Users/Admin/Dev/devkitPro/libnx/lib\libnx.a(framebuffer.o)
                0x0000000000007750                framebufferMakeLinear
 *fill*         0x00000000000077dc        0x4 
 .text.framebufferClose
                0x00000000000077e0       0x80 C:/Users/Admin/Dev/devkitPro/libnx/lib\libnx.a(framebuffer.o)
                0x00000000000077e0                framebufferClose
 .text.framebufferCreate
                0x0000000000007860      0x2b4 C:/Users/Admin/Dev/devkitPro/libnx/lib\libnx.a(framebuffer.o)
                0x0000000000007860                framebufferCreate
 *fill*         0x0000000000007b14        0xc 
 .text.framebufferBegin
                0x0000000000007b20       0x88 C:/Users/Admin/Dev/devkitPro/libnx/lib\libnx.a(framebuffer.o)
                0x0000000000007b20                framebufferBegin
 *fill*         0x0000000000007ba8        0x8 
 .text.framebufferEnd
                0x0000000000007bb0      0x184 C:/Users/Admin/Dev/devkitPro/libnx/lib\libnx.a(framebuffer.o)
                0x0000000000007bb0                framebufferEnd
 *fill*         0x0000000000007d34        0xc 
 .text.nwindowGetDefault
                0x0000000000007d40        0xc C:/Users/Admin/Dev/devkitPro/libnx/lib\libnx.a(default_window.o)
                0x0000000000007d40                nwindowGetDefault
 *fill*         0x0000000000007d4c        0x4 
 .text.__nx_win_init
                0x0000000000007d50       0xb0 C:/Users/Admin/Dev/devkitPro/libnx/lib\libnx.a(default_window.o)
                0x0000000000007d50                __nx_win_init
 .text.__nx_win_exit
                0x0000000000007e00       0x34 C:/Users/Admin/Dev/devkitPro/libnx/lib\libnx.a(default_window.o)
                0x0000000000007e00                __nx_win_exit
 *fill*         0x0000000000007e34        0xc 
 .text.nwindowIsValid
                0x0000000000007e40       0x24 C:/Users/Admin/Dev/devkitPro/libnx/lib\libnx.a(native_window.o)
                0x0000000000007e40                nwindowIsValid
 *fill*         0x0000000000007e64        0xc 
 .text.nwindowClose
                0x0000000000007e70       0x80 C:/Users/Admin/Dev/devkitPro/libnx/lib\libnx.a(native_window.o)
                0x0000000000007e70                nwindowClose
 .text.nwindowCreate
                0x0000000000007ef0       0xf4 C:/Users/Admin/Dev/devkitPro/libnx/lib\libnx.a(native_window.o)
                0x0000000000007ef0                nwindowCreate
 *fill*         0x0000000000007fe4        0xc 
 .text.nwindowCreateFromLayer
                0x0000000000007ff0       0x34 C:/Users/Admin/Dev/devkitPro/libnx/lib\libnx.a(native_window.o)
                0x0000000000007ff0                nwindowCreateFromLayer
 *fill*         0x0000000000008024        0xc 
 .text.nwindowSetDimensions
                0x0000000000008030       0x88 C:/Users/Admin/Dev/devkitPro/libnx/lib\libnx.a(native_window.o)
                0x0000000000008030                nwindowSetDimensions
 *fill*         0x00000000000080b8        0x8 
 .text.nwindowConfigureBuffer
                0x00000000000080c0      0x190 C:/Users/Admin/Dev/devkitPro/libnx/lib\libnx.a(native_window.o)
                0x00000000000080c0                nwindowConfigureBuffer
 .text.nwindowDequeueBuffer
                0x0000000000008250      0x1d4 C:/Users/Admin/Dev/devkitPro/libnx/lib\libnx.a(native_window.o)
                0x0000000000008250                nwindowDequeueBuffer
 *fill*         0x0000000000008424        0xc 
 .text.nwindowQueueBuffer
                0x0000000000008430      0x140 C:/Users/Admin/Dev/devkitPro/libnx/lib\libnx.a(native_window.o)
                0x0000000000008430                nwindowQueueBuffer
 .text.nwindowReleaseBuffers
                0x0000000000008570       0xa0 C:/Users/Admin/Dev/devkitPro/libnx/lib\libnx.a(native_window.o)
                0x0000000000008570                nwindowReleaseBuffers
 .text.__nx_dynamic
                0x0000000000008610       0xa0 C:/Users/Admin/Dev/devkitPro/libnx/lib\libnx.a(dynamic.o)
                0x0000000000008610                __nx_dynamic
 .text.__libnx_initheap
                0x00000000000086b0       0xd8 C:/Users/Admin/Dev/devkitPro/libnx/lib\libnx.a(init.o)
                0x00000000000086b0                __libnx_initheap
 *fill*         0x0000000000008788        0x8 
 .text.__appInit
                0x0000000000008790       0xec C:/Users/Admin/Dev/devkitPro/libnx/lib\libnx.a(init.o)
                0x0000000000008790                __appInit
 *fill*         0x000000000000887c        0x4 
 .text.__appExit
                0x0000000000008880       0x44 C:/Users/Admin/Dev/devkitPro/libnx/lib\libnx.a(init.o)
                0x0000000000008880                __appExit
 *fill*         0x00000000000088c4        0xc 
 .text.__libnx_init
                0x00000000000088d0       0x2c C:/Users/Admin/Dev/devkitPro/libnx/lib\libnx.a(init.o)
                0x00000000000088d0                __libnx_init
 *fill*         0x00000000000088fc        0x4 
 .text.__libnx_exit
                0x0000000000008900       0x20 C:/Users/Admin/Dev/devkitPro/libnx/lib\libnx.a(init.o)
                0x0000000000008900                __libnx_exit
 .text.__libnx_alloc
                0x0000000000008920        0x4 C:/Users/Admin/Dev/devkitPro/libnx/lib\libnx.a(alloc.o)
                0x0000000000008920                __libnx_alloc
 *fill*         0x0000000000008924        0xc 
 .text.__libnx_aligned_alloc
                0x0000000000008930       0x14 C:/Users/Admin/Dev/devkitPro/libnx/lib\libnx.a(alloc.o)
                0x0000000000008930                __libnx_aligned_alloc
 *fill*         0x0000000000008944        0xc 
 .text.__libnx_free
                0x0000000000008950        0x4 C:/Users/Admin/Dev/devkitPro/libnx/lib\libnx.a(alloc.o)
                0x0000000000008950                __libnx_free
 *fill*         0x0000000000008954        0xc 
 .text.__syscall_exit
                0x0000000000008960       0x1c C:/Users/Admin/Dev/devkitPro/libnx/lib\libnx.a(newlib.o)
                0x0000000000008960                __syscall_exit
 *fill*         0x000000000000897c        0x4 
 .text.__syscall_lock_acquire
                0x0000000000008980        0x4 C:/Users/Admin/Dev/devkitPro/libnx/lib\libnx.a(newlib.o)
                0x0000000000008980                __syscall_lock_acquire
 *fill*         0x0000000000008984        0xc 
 .text.__syscall_lock_release
                0x0000000000008990        0x4 C:/Users/Admin/Dev/devkitPro/libnx/lib\libnx.a(newlib.o)
                0x0000000000008990                __syscall_lock_release
 *fill*         0x0000000000008994        0xc 
 .text.__syscall_lock_acquire_recursive
                0x00000000000089a0        0x4 C:/Users/Admin/Dev/devkitPro/libnx/lib\libnx.a(newlib.o)
                0x00000000000089a0                __syscall_lock_acquire_recursive
 *fill*         0x00000000000089a4        0xc 
 .text.__syscall_lock_release_recursive
                0x00000000000089b0        0x4 C:/Users/Admin/Dev/devkitPro/libnx/lib\libnx.a(newlib.o)
                0x00000000000089b0                __syscall_lock_release_recursive
 *fill*         0x00000000000089b4        0xc 
 .text.__libnx_init_time
                0x00000000000089c0      0x228 C:/Users/Admin/Dev/devkitPro/libnx/lib\libnx.a(newlib.o)
                0x00000000000089c0                __libnx_init_time
 *fill*         0x0000000000008be8        0x8 
 .text.newlibSetup
                0x0000000000008bf0       0x84 C:/Users/Admin/Dev/devkitPro/libnx/lib\libnx.a(newlib.o)
                0x0000000000008bf0                newlibSetup
 *fill*         0x0000000000008c74        0xc 
 .text.argvSetup
                0x0000000000008c80      0x308 C:/Users/Admin/Dev/devkitPro/libnx/lib\libnx.a(argv.o)
                0x0000000000008c80                argvSetup
 *fill*         0x0000000000008f88        0x8 
 .text.fsdev_link
                0x0000000000008f90       0x14 C:/Users/Admin/Dev/devkitPro/libnx/lib\libnx.a(fs_dev.o)
 *fill*         0x0000000000008fa4        0xc 
 .text.fsdev_dirreset
                0x0000000000008fb0       0x14 C:/Users/Admin/Dev/devkitPro/libnx/lib\libnx.a(fs_dev.o)
 *fill*         0x0000000000008fc4        0xc 
 .text.fsdev_chmod
                0x0000000000008fd0       0x14 C:/Users/Admin/Dev/devkitPro/libnx/lib\libnx.a(fs_dev.o)
 *fill*         0x0000000000008fe4        0xc 
 .text.error_cmp
                0x0000000000008ff0       0x18 C:/Users/Admin/Dev/devkitPro/libnx/lib\libnx.a(fs_dev.o)
 *fill*         0x0000000000009008        0x8 
 .text.fsdev_dirclose
                0x0000000000009010       0x20 C:/Users/Admin/Dev/devkitPro/libnx/lib\libnx.a(fs_dev.o)
 .text.fsdev_close
                0x0000000000009030       0x1c C:/Users/Admin/Dev/devkitPro/libnx/lib\libnx.a(fs_dev.o)
 *fill*         0x000000000000904c        0x4 
 .text.fsdev_converttimetoutc
                0x0000000000009050       0x80 C:/Users/Admin/Dev/devkitPro/libnx/lib\libnx.a(fs_dev.o)
 .text.fsdevFindDevice.part.0
                0x00000000000090d0       0xc8 C:/Users/Admin/Dev/devkitPro/libnx/lib\libnx.a(fs_dev.o)
 *fill*         0x0000000000009198        0x8 
 .text.fsdev_fixpath
                0x00000000000091a0      0x1ac C:/Users/Admin/Dev/devkitPro/libnx/lib\libnx.a(fs_dev.o)
 *fill*         0x000000000000934c        0x4 
 .text._fsdevUnmountDeviceStruct.part.0
                0x0000000000009350       0xa0 C:/Users/Admin/Dev/devkitPro/libnx/lib\libnx.a(fs_dev.o)
 .text.fsdev_fchmod
                0x00000000000093f0       0x14 C:/Users/Admin/Dev/devkitPro/libnx/lib\libnx.a(fs_dev.o)
 *fill*         0x0000000000009404        0xc 
 .text.fsdev_diropen
                0x0000000000009410      0x108 C:/Users/Admin/Dev/devkitPro/libnx/lib\libnx.a(fs_dev.o)
 *fill*         0x0000000000009518        0x8 
 .text.fsdev_statvfs
                0x0000000000009520       0xfc C:/Users/Admin/Dev/devkitPro/libnx/lib\libnx.a(fs_dev.o)
 *fill*         0x000000000000961c        0x4 
 .text.fsdev_fsync
                0x0000000000009620       0x7c C:/Users/Admin/Dev/devkitPro/libnx/lib\libnx.a(fs_dev.o)
 *fill*         0x000000000000969c        0x4 
 .text.fsdev_fstat
                0x00000000000096a0       0xf4 C:/Users/Admin/Dev/devkitPro/libnx/lib\libnx.a(fs_dev.o)
 *fill*         0x0000000000009794        0xc 
 .text.fsdev_ftruncate
                0x00000000000097a0       0x8c C:/Users/Admin/Dev/devkitPro/libnx/lib\libnx.a(fs_dev.o)
 *fill*         0x000000000000982c        0x4 
 .text.fsdev_stat
                0x0000000000009830      0x1fc C:/Users/Admin/Dev/devkitPro/libnx/lib\libnx.a(fs_dev.o)
 *fill*         0x0000000000009a2c        0x4 
 .text.fsdev_rename
                0x0000000000009a30      0x14c C:/Users/Admin/Dev/devkitPro/libnx/lib\libnx.a(fs_dev.o)
 *fill*         0x0000000000009b7c        0x4 
 .text.fsdev_chdir
                0x0000000000009b80      0x140 C:/Users/Admin/Dev/devkitPro/libnx/lib\libnx.a(fs_dev.o)
 .text.fsdev_mkdir
                0x0000000000009cc0       0xa4 C:/Users/Admin/Dev/devkitPro/libnx/lib\libnx.a(fs_dev.o)
 *fill*         0x0000000000009d64        0xc 
 .text.fsdev_unlink
                0x0000000000009d70       0xa4 C:/Users/Admin/Dev/devkitPro/libnx/lib\libnx.a(fs_dev.o)
 *fill*         0x0000000000009e14        0xc 
 .text.fsdev_rmdir
                0x0000000000009e20       0xa4 C:/Users/Admin/Dev/devkitPro/libnx/lib\libnx.a(fs_dev.o)
 *fill*         0x0000000000009ec4        0xc 
 .text.fsdev_write_safe
                0x0000000000009ed0      0x13c C:/Users/Admin/Dev/devkitPro/libnx/lib\libnx.a(fs_dev.o)
 *fill*         0x000000000000a00c        0x4 
 .text.fsdev_read_safe
                0x000000000000a010      0x13c C:/Users/Admin/Dev/devkitPro/libnx/lib\libnx.a(fs_dev.o)
 *fill*         0x000000000000a14c        0x4 
 .text.fsdev_read
                0x000000000000a150      0x104 C:/Users/Admin/Dev/devkitPro/libnx/lib\libnx.a(fs_dev.o)
 *fill*         0x000000000000a254        0xc 
 .text.fsdev_dirnext
                0x000000000000a260      0x1a0 C:/Users/Admin/Dev/devkitPro/libnx/lib\libnx.a(fs_dev.o)
 .text.fsdev_write
                0x000000000000a400      0x11c C:/Users/Admin/Dev/devkitPro/libnx/lib\libnx.a(fs_dev.o)
 *fill*         0x000000000000a51c        0x4 
 .text.fsdev_seek
                0x000000000000a520       0xf0 C:/Users/Admin/Dev/devkitPro/libnx/lib\libnx.a(fs_dev.o)
 .text.fsdev_open
                0x000000000000a610      0x23c C:/Users/Admin/Dev/devkitPro/libnx/lib\libnx.a(fs_dev.o)
 *fill*         0x000000000000a84c        0x4 
 .text.fsdevMountDevice
                0x000000000000a850      0x214 C:/Users/Admin/Dev/devkitPro/libnx/lib\libnx.a(fs_dev.o)
                0x000000000000a850                fsdevMountDevice
 *fill*         0x000000000000aa64        0xc 
 .text.fsdevMountSdmc
                0x000000000000aa70       0x40 C:/Users/Admin/Dev/devkitPro/libnx/lib\libnx.a(fs_dev.o)
                0x000000000000aa70                fsdevMountSdmc
 .text.__libnx_init_cwd
                0x000000000000aab0       0xc0 C:/Users/Admin/Dev/devkitPro/libnx/lib\libnx.a(fs_dev.o)
                0x000000000000aab0                __libnx_init_cwd
 .text.fsdevUnmountAll
                0x000000000000ab70       0x64 C:/Users/Admin/Dev/devkitPro/libnx/lib\libnx.a(fs_dev.o)
                0x000000000000ab70                fsdevUnmountAll
 *fill*         0x000000000000abd4        0xc 
 .text.decode_utf8
                0x000000000000abe0      0x12c C:/Users/Admin/Dev/devkitPro/libnx/lib\libnx.a(decode_utf8.o)
                0x000000000000abe0                decode_utf8
 .text.armDCacheFlush
                0x000000000000ad0c       0x4c C:/Users/Admin/Dev/devkitPro/libnx/lib\libnx.a(cache.o)
                0x000000000000ad0c                armDCacheFlush
 .text.__libnx_exception_entry
                0x000000000000ad58      0x1c0 C:/Users/Admin/Dev/devkitPro/libnx/lib\libnx.a(exception.o)
                0x000000000000ad58                __libnx_exception_entry
 .text.__libnx_exception_returnentry
                0x000000000000af18       0x18 C:/Users/Admin/Dev/devkitPro/libnx/lib\libnx.a(exception.o)
                0x000000000000af18                __libnx_exception_returnentry
 .text.__aarch64_read_tp
                0x000000000000af30        0xc C:/Users/Admin/Dev/devkitPro/libnx/lib\libnx.a(readtp.o)
                0x000000000000af30                __aarch64_read_tp
 *fill*         0x000000000000af3c        0x4 
 .text.shmemLoadRemote
                0x000000000000af40       0x14 C:/Users/Admin/Dev/devkitPro/libnx/lib\libnx.a(shmem.o)
                0x000000000000af40                shmemLoadRemote
 *fill*         0x000000000000af54        0xc 
 .text.shmemMap
                0x000000000000af60       0x88 C:/Users/Admin/Dev/devkitPro/libnx/lib\libnx.a(shmem.o)
                0x000000000000af60                shmemMap
 *fill*         0x000000000000afe8        0x8 
 .text.shmemUnmap
                0x000000000000aff0       0x34 C:/Users/Admin/Dev/devkitPro/libnx/lib\libnx.a(shmem.o)
                0x000000000000aff0                shmemUnmap
 *fill*         0x000000000000b024        0xc 
 .text.shmemClose
                0x000000000000b030       0x44 C:/Users/Admin/Dev/devkitPro/libnx/lib\libnx.a(shmem.o)
                0x000000000000b030                shmemClose
 *fill*         0x000000000000b074        0xc 
 .text.condvarWaitTimeout
                0x000000000000b080       0x64 C:/Users/Admin/Dev/devkitPro/libnx/lib\libnx.a(condvar.o)
                0x000000000000b080                condvarWaitTimeout
 *fill*         0x000000000000b0e4        0xc 
 .text.__libnx_init_thread
                0x000000000000b0f0       0xb0 C:/Users/Admin/Dev/devkitPro/libnx/lib\libnx.a(thread.o)
                0x000000000000b0f0                __libnx_init_thread
 .text._viCleanup
                0x000000000000b1a0      0x1dc C:/Users/Admin/Dev/devkitPro/libnx/lib\libnx.a(vi.o)
 *fill*         0x000000000000b37c        0x4 
 .text._viCmdGetSessionNoParams.constprop.0
                0x000000000000b380      0x100 C:/Users/Admin/Dev/devkitPro/libnx/lib\libnx.a(vi.o)
 .text._viCmdGetSession.constprop.0
                0x000000000000b480       0xfc C:/Users/Admin/Dev/devkitPro/libnx/lib\libnx.a(vi.o)
 *fill*         0x000000000000b57c        0x4 
 .text.viInitialize
                0x000000000000b580      0x274 C:/Users/Admin/Dev/devkitPro/libnx/lib\libnx.a(vi.o)
                0x000000000000b580                viInitialize
 *fill*         0x000000000000b7f4        0xc 
 .text.viExit   0x000000000000b800       0x44 C:/Users/Admin/Dev/devkitPro/libnx/lib\libnx.a(vi.o)
                0x000000000000b800                viExit
 *fill*         0x000000000000b844        0xc 
 .text.viGetSession_IHOSBinderDriverRelay
                0x000000000000b850        0xc C:/Users/Admin/Dev/devkitPro/libnx/lib\libnx.a(vi.o)
                0x000000000000b850                viGetSession_IHOSBinderDriverRelay
 *fill*         0x000000000000b85c        0x4 
 .text.viOpenDisplay
                0x000000000000b860      0x110 C:/Users/Admin/Dev/devkitPro/libnx/lib\libnx.a(vi.o)
                0x000000000000b860                viOpenDisplay
 .text.viCloseDisplay
                0x000000000000b970       0xf4 C:/Users/Admin/Dev/devkitPro/libnx/lib\libnx.a(vi.o)
                0x000000000000b970                viCloseDisplay
 *fill*         0x000000000000ba64        0xc 
 .text.viCloseLayer
                0x000000000000ba70       0xfc C:/Users/Admin/Dev/devkitPro/libnx/lib\libnx.a(vi.o)
                0x000000000000ba70                viCloseLayer
 *fill*         0x000000000000bb6c        0x4 
 .text.viCreateLayer
                0x000000000000bb70      0x39c C:/Users/Admin/Dev/devkitPro/libnx/lib\libnx.a(vi.o)
                0x000000000000bb70                viCreateLayer
 *fill*         0x000000000000bf0c        0x4 
 .text.viSetLayerScalingMode
                0x000000000000bf10       0xd8 C:/Users/Admin/Dev/devkitPro/libnx/lib\libnx.a(vi.o)
                0x000000000000bf10                viSetLayerScalingMode
 *fill*         0x000000000000bfe8        0x8 
 .text._setsysGetFirmwareVersionImpl
                0x000000000000bff0       0xd4 C:/Users/Admin/Dev/devkitPro/libnx/lib\libnx.a(set.o)
 *fill*         0x000000000000c0c4        0xc 
 .text._setsysCleanup
                0x000000000000c0d0       0x68 C:/Users/Admin/Dev/devkitPro/libnx/lib\libnx.a(set.o)
 *fill*         0x000000000000c138        0x8 
 .text.setsysInitialize
                0x000000000000c140       0xa0 C:/Users/Admin/Dev/devkitPro/libnx/lib\libnx.a(set.o)
                0x000000000000c140                setsysInitialize
 .text.setsysExit
                0x000000000000c1e0       0x44 C:/Users/Admin/Dev/devkitPro/libnx/lib\libnx.a(set.o)
                0x000000000000c1e0                setsysExit
 *fill*         0x000000000000c224        0xc 
 .text.setsysGetFirmwareVersion
                0x000000000000c230       0x44 C:/Users/Admin/Dev/devkitPro/libnx/lib\libnx.a(set.o)
                0x000000000000c230                setsysGetFirmwareVersion
 *fill*         0x000000000000c274        0xc 
 .text._fsCleanup
                0x000000000000c280       0xb4 C:/Users/Admin/Dev/devkitPro/libnx/lib\libnx.a(fs.o)
 *fill*         0x000000000000c334        0xc 
 .text._fsCmdNoIO
                0x000000000000c340      0x1b0 C:/Users/Admin/Dev/devkitPro/libnx/lib\libnx.a(fs.o)
 .text._fsFsCmdWithInPath
                0x000000000000c4f0      0x1d0 C:/Users/Admin/Dev/devkitPro/libnx/lib\libnx.a(fs.o)
 .text._fsFsCmdWithTwoInPaths
                0x000000000000c6c0      0x1f8 C:/Users/Admin/Dev/devkitPro/libnx/lib\libnx.a(fs.o)
 *fill*         0x000000000000c8b8        0x8 
 .text._fsFsOpenCommon
                0x000000000000c8c0      0x23c C:/Users/Admin/Dev/devkitPro/libnx/lib\libnx.a(fs.o)
 *fill*         0x000000000000cafc        0x4 
 .text._fsFsCmdWithInPathAndOutU64
                0x000000000000cb00      0x1ec C:/Users/Admin/Dev/devkitPro/libnx/lib\libnx.a(fs.o)
 *fill*         0x000000000000ccec        0x4 
 .text._fsObjectClose
                0x000000000000ccf0       0xf4 C:/Users/Admin/Dev/devkitPro/libnx/lib\libnx.a(fs.o)
 *fill*         0x000000000000cde4        0xc 
 .text._fsCmdGetSession.constprop.0
                0x000000000000cdf0      0x17c C:/Users/Admin/Dev/devkitPro/libnx/lib\libnx.a(fs.o)
 *fill*         0x000000000000cf6c        0x4 
 .text.fsInitialize
                0x000000000000cf70      0x304 C:/Users/Admin/Dev/devkitPro/libnx/lib\libnx.a(fs.o)
                0x000000000000cf70                fsInitialize
 *fill*         0x000000000000d274        0xc 
 .text.fsExit   0x000000000000d280       0x44 C:/Users/Admin/Dev/devkitPro/libnx/lib\libnx.a(fs.o)
                0x000000000000d280                fsExit
 *fill*         0x000000000000d2c4        0xc 
 .text.fsOpenSdCardFileSystem
                0x000000000000d2d0        0x8 C:/Users/Admin/Dev/devkitPro/libnx/lib\libnx.a(fs.o)
                0x000000000000d2d0                fsOpenSdCardFileSystem
 *fill*         0x000000000000d2d8        0x8 
 .text.fsFsCreateFile
                0x000000000000d2e0      0x1e0 C:/Users/Admin/Dev/devkitPro/libnx/lib\libnx.a(fs.o)
                0x000000000000d2e0                fsFsCreateFile
 .text.fsFsDeleteFile
                0x000000000000d4c0        0x8 C:/Users/Admin/Dev/devkitPro/libnx/lib\libnx.a(fs.o)
                0x000000000000d4c0                fsFsDeleteFile
 *fill*         0x000000000000d4c8        0x8 
 .text.fsFsCreateDirectory
                0x000000000000d4d0        0x8 C:/Users/Admin/Dev/devkitPro/libnx/lib\libnx.a(fs.o)
                0x000000000000d4d0                fsFsCreateDirectory
 *fill*         0x000000000000d4d8        0x8 
 .text.fsFsDeleteDirectory
                0x000000000000d4e0        0x8 C:/Users/Admin/Dev/devkitPro/libnx/lib\libnx.a(fs.o)
                0x000000000000d4e0                fsFsDeleteDirectory
 *fill*         0x000000000000d4e8        0x8 
 .text.fsFsRenameFile
                0x000000000000d4f0        0x8 C:/Users/Admin/Dev/devkitPro/libnx/lib\libnx.a(fs.o)
                0x000000000000d4f0                fsFsRenameFile
 *fill*         0x000000000000d4f8        0x8 
 .text.fsFsRenameDirectory
                0x000000000000d500        0x8 C:/Users/Admin/Dev/devkitPro/libnx/lib\libnx.a(fs.o)
                0x000000000000d500                fsFsRenameDirectory
 *fill*         0x000000000000d508        0x8 
 .text.fsFsGetEntryType
                0x000000000000d510      0x1e8 C:/Users/Admin/Dev/devkitPro/libnx/lib\libnx.a(fs.o)
                0x000000000000d510                fsFsGetEntryType
 *fill*         0x000000000000d6f8        0x8 
 .text.fsFsOpenFile
                0x000000000000d700        0x8 C:/Users/Admin/Dev/devkitPro/libnx/lib\libnx.a(fs.o)
                0x000000000000d700                fsFsOpenFile
 *fill*         0x000000000000d708        0x8 
 .text.fsFsOpenDirectory
                0x000000000000d710        0x8 C:/Users/Admin/Dev/devkitPro/libnx/lib\libnx.a(fs.o)
                0x000000000000d710                fsFsOpenDirectory
 *fill*         0x000000000000d718        0x8 
 .text.fsFsGetFreeSpace
                0x000000000000d720        0x8 C:/Users/Admin/Dev/devkitPro/libnx/lib\libnx.a(fs.o)
                0x000000000000d720                fsFsGetFreeSpace
 *fill*         0x000000000000d728        0x8 
 .text.fsFsGetTotalSpace
                0x000000000000d730        0x8 C:/Users/Admin/Dev/devkitPro/libnx/lib\libnx.a(fs.o)
                0x000000000000d730                fsFsGetTotalSpace
 *fill*         0x000000000000d738        0x8 
 .text.fsFsGetFileTimeStampRaw
                0x000000000000d740      0x230 C:/Users/Admin/Dev/devkitPro/libnx/lib\libnx.a(fs.o)
                0x000000000000d740                fsFsGetFileTimeStampRaw
 .text.fsFsClose
                0x000000000000d970        0x4 C:/Users/Admin/Dev/devkitPro/libnx/lib\libnx.a(fs.o)
                0x000000000000d970                fsFsClose
 *fill*         0x000000000000d974        0xc 
 .text.fsFileRead
                0x000000000000d980      0x20c C:/Users/Admin/Dev/devkitPro/libnx/lib\libnx.a(fs.o)
                0x000000000000d980                fsFileRead
 *fill*         0x000000000000db8c        0x4 
 .text.fsFileWrite
                0x000000000000db90      0x1fc C:/Users/Admin/Dev/devkitPro/libnx/lib\libnx.a(fs.o)
                0x000000000000db90                fsFileWrite
 *fill*         0x000000000000dd8c        0x4 
 .text.fsFileFlush
                0x000000000000dd90        0x8 C:/Users/Admin/Dev/devkitPro/libnx/lib\libnx.a(fs.o)
                0x000000000000dd90                fsFileFlush
 *fill*         0x000000000000dd98        0x8 
 .text.fsFileSetSize
                0x000000000000dda0      0x1b4 C:/Users/Admin/Dev/devkitPro/libnx/lib\libnx.a(fs.o)
                0x000000000000dda0                fsFileSetSize
 *fill*         0x000000000000df54        0xc 
 .text.fsFileGetSize
                0x000000000000df60      0x1c4 C:/Users/Admin/Dev/devkitPro/libnx/lib\libnx.a(fs.o)
                0x000000000000df60                fsFileGetSize
 *fill*         0x000000000000e124        0xc 
 .text.fsFileClose
                0x000000000000e130        0x4 C:/Users/Admin/Dev/devkitPro/libnx/lib\libnx.a(fs.o)
                0x000000000000e130                fsFileClose
 *fill*         0x000000000000e134        0xc 
 .text.fsDirClose
                0x000000000000e140        0x4 C:/Users/Admin/Dev/devkitPro/libnx/lib\libnx.a(fs.o)
                0x000000000000e140                fsDirClose
 *fill*         0x000000000000e144        0xc 
 .text.fsDirRead
                0x000000000000e150      0x200 C:/Users/Admin/Dev/devkitPro/libnx/lib\libnx.a(fs.o)
                0x000000000000e150                fsDirRead
 .text._nvSetClientPID
                0x000000000000e350       0xd0 C:/Users/Admin/Dev/devkitPro/libnx/lib\libnx.a(nv.o)
 .text._nvCleanup
                0x000000000000e420       0xd0 C:/Users/Admin/Dev/devkitPro/libnx/lib\libnx.a(nv.o)
 .text._nvCmdInitialize.constprop.0
                0x000000000000e4f0       0xd8 C:/Users/Admin/Dev/devkitPro/libnx/lib\libnx.a(nv.o)
 *fill*         0x000000000000e5c8        0x8 
 .text.__nx_nv_create_tmem
                0x000000000000e5d0       0x1c C:/Users/Admin/Dev/devkitPro/libnx/lib\libnx.a(nv.o)
                0x000000000000e5d0                __nx_nv_create_tmem
 *fill*         0x000000000000e5ec        0x4 
 .text.nvInitialize
                0x000000000000e5f0      0x220 C:/Users/Admin/Dev/devkitPro/libnx/lib\libnx.a(nv.o)
                0x000000000000e5f0                nvInitialize
 .text.nvExit   0x000000000000e810       0x44 C:/Users/Admin/Dev/devkitPro/libnx/lib\libnx.a(nv.o)
                0x000000000000e810                nvExit
 *fill*         0x000000000000e854        0xc 
 .text.nvConvertError
                0x000000000000e860       0xf4 C:/Users/Admin/Dev/devkitPro/libnx/lib\libnx.a(nv.o)
                0x000000000000e860                nvConvertError
 *fill*         0x000000000000e954        0xc 
 .text.nvOpen   0x000000000000e960      0x118 C:/Users/Admin/Dev/devkitPro/libnx/lib\libnx.a(nv.o)
                0x000000000000e960                nvOpen
 *fill*         0x000000000000ea78        0x8 
 .text.nvIoctl  0x000000000000ea80      0x2bc C:/Users/Admin/Dev/devkitPro/libnx/lib\libnx.a(nv.o)
                0x000000000000ea80                nvIoctl
 *fill*         0x000000000000ed3c        0x4 
 .text.nvClose  0x000000000000ed40       0xd8 C:/Users/Admin/Dev/devkitPro/libnx/lib\libnx.a(nv.o)
                0x000000000000ed40                nvClose
 *fill*         0x000000000000ee18        0x8 
 .text.nvQueryEvent
                0x000000000000ee20      0x10c C:/Users/Admin/Dev/devkitPro/libnx/lib\libnx.a(nv.o)
                0x000000000000ee20                nvQueryEvent
 *fill*         0x000000000000ef2c        0x4 
 .text._timeCleanup
                0x000000000000ef30      0x228 C:/Users/Admin/Dev/devkitPro/libnx/lib\libnx.a(time.o)
 *fill*         0x000000000000f158        0x8 
 .text._timeCmdGetSession.constprop.0
                0x000000000000f160      0x100 C:/Users/Admin/Dev/devkitPro/libnx/lib\libnx.a(time.o)
 .text._timeGetSharedMemoryNativeHandle.constprop.0
                0x000000000000f260       0xcc C:/Users/Admin/Dev/devkitPro/libnx/lib\libnx.a(time.o)
 *fill*         0x000000000000f32c        0x4 
 .text._timeCmdNoInOutU64.constprop.0.isra.0
                0x000000000000f330       0xc4 C:/Users/Admin/Dev/devkitPro/libnx/lib\libnx.a(time.o)
 *fill*         0x000000000000f3f4        0xc 
 .text._timeReadClockFromSharedMem
                0x000000000000f400      0x110 C:/Users/Admin/Dev/devkitPro/libnx/lib\libnx.a(time.o)
 .text.timeInitialize
                0x000000000000f510      0x238 C:/Users/Admin/Dev/devkitPro/libnx/lib\libnx.a(time.o)
                0x000000000000f510                timeInitialize
 *fill*         0x000000000000f748        0x8 
 .text.timeExit
                0x000000000000f750       0x44 C:/Users/Admin/Dev/devkitPro/libnx/lib\libnx.a(time.o)
                0x000000000000f750                timeExit
 *fill*         0x000000000000f794        0xc 
 .text.timeGetServiceSession_SystemClock
                0x000000000000f7a0       0x38 C:/Users/Admin/Dev/devkitPro/libnx/lib\libnx.a(time.o)
                0x000000000000f7a0                timeGetServiceSession_SystemClock
 *fill*         0x000000000000f7d8        0x8 
 .text.timeGetCurrentTime
                0x000000000000f7e0       0x68 C:/Users/Admin/Dev/devkitPro/libnx/lib\libnx.a(time.o)
                0x000000000000f7e0                timeGetCurrentTime
 *fill*         0x000000000000f848        0x8 
 .text.timeToCalendarTimeWithMyRule
                0x000000000000f850      0x110 C:/Users/Admin/Dev/devkitPro/libnx/lib\libnx.a(time.o)
                0x000000000000f850                timeToCalendarTimeWithMyRule
 .text.timeToPosixTimeWithMyRule
                0x000000000000f960      0x104 C:/Users/Admin/Dev/devkitPro/libnx/lib\libnx.a(time.o)
                0x000000000000f960                timeToPosixTimeWithMyRule
 *fill*         0x000000000000fa64        0xc 
 .text._nvFenceCleanup
                0x000000000000fa70       0x7c C:/Users/Admin/Dev/devkitPro/libnx/lib\libnx.a(fence.o)
 *fill*         0x000000000000faec        0x4 
 .text.nvFenceInit
                0x000000000000faf0       0x98 C:/Users/Admin/Dev/devkitPro/libnx/lib\libnx.a(fence.o)
                0x000000000000faf0                nvFenceInit
 *fill*         0x000000000000fb88        0x8 
 .text.nvFenceExit
                0x000000000000fb90       0x44 C:/Users/Admin/Dev/devkitPro/libnx/lib\libnx.a(fence.o)
                0x000000000000fb90                nvFenceExit
 *fill*         0x000000000000fbd4        0xc 
 .text.nvFenceWait
                0x000000000000fbe0      0x24c C:/Users/Admin/Dev/devkitPro/libnx/lib\libnx.a(fence.o)
                0x000000000000fbe0                nvFenceWait
 *fill*         0x000000000000fe2c        0x4 
 .text.nvMultiFenceWait
                0x000000000000fe30       0x74 C:/Users/Admin/Dev/devkitPro/libnx/lib\libnx.a(fence.o)
                0x000000000000fe30                nvMultiFenceWait
 *fill*         0x000000000000fea4        0xc 
 .text.nvMapInit
                0x000000000000feb0       0xb4 C:/Users/Admin/Dev/devkitPro/libnx/lib\libnx.a(map.o)
                0x000000000000feb0                nvMapInit
 *fill*         0x000000000000ff64        0xc 
 .text.nvMapExit
                0x000000000000ff70       0x6c C:/Users/Admin/Dev/devkitPro/libnx/lib\libnx.a(map.o)
                0x000000000000ff70                nvMapExit
 *fill*         0x000000000000ffdc        0x4 
 .text.nvMapClose
                0x000000000000ffe0       0x80 C:/Users/Admin/Dev/devkitPro/libnx/lib\libnx.a(map.o)
                0x000000000000ffe0                nvMapClose
 .text.nvMapCreate
                0x0000000000010060      0x154 C:/Users/Admin/Dev/devkitPro/libnx/lib\libnx.a(map.o)
                0x0000000000010060                nvMapCreate
 *fill*         0x00000000000101b4        0xc 
 .text.nvioctlNvhostCtrl_EventSignal
                0x00000000000101c0       0x28 C:/Users/Admin/Dev/devkitPro/libnx/lib\libnx.a(nvhost-ctrl.o)
                0x00000000000101c0                nvioctlNvhostCtrl_EventSignal
 *fill*         0x00000000000101e8        0x8 
 .text.nvioctlNvhostCtrl_EventWait
                0x00000000000101f0       0x44 C:/Users/Admin/Dev/devkitPro/libnx/lib\libnx.a(nvhost-ctrl.o)
                0x00000000000101f0                nvioctlNvhostCtrl_EventWait
 *fill*         0x0000000000010234        0xc 
 .text.nvioctlNvhostCtrl_EventWaitAsync
                0x0000000000010240       0x30 C:/Users/Admin/Dev/devkitPro/libnx/lib\libnx.a(nvhost-ctrl.o)
                0x0000000000010240                nvioctlNvhostCtrl_EventWaitAsync
 .text.nvioctlNvhostCtrl_EventRegister
                0x0000000000010270       0x28 C:/Users/Admin/Dev/devkitPro/libnx/lib\libnx.a(nvhost-ctrl.o)
                0x0000000000010270                nvioctlNvhostCtrl_EventRegister
 *fill*         0x0000000000010298        0x8 
 .text.nvioctlNvhostCtrl_EventUnregister
                0x00000000000102a0       0x28 C:/Users/Admin/Dev/devkitPro/libnx/lib\libnx.a(nvhost-ctrl.o)
                0x00000000000102a0                nvioctlNvhostCtrl_EventUnregister
 *fill*         0x00000000000102c8        0x8 
 .text.nvioctlNvmap_Create
                0x00000000000102d0       0x40 C:/Users/Admin/Dev/devkitPro/libnx/lib\libnx.a(nvmap.o)
                0x00000000000102d0                nvioctlNvmap_Create
 .text.nvioctlNvmap_Alloc
                0x0000000000010310       0x38 C:/Users/Admin/Dev/devkitPro/libnx/lib\libnx.a(nvmap.o)
                0x0000000000010310                nvioctlNvmap_Alloc
 *fill*         0x0000000000010348        0x8 
 .text.nvioctlNvmap_Free
                0x0000000000010350       0x34 C:/Users/Admin/Dev/devkitPro/libnx/lib\libnx.a(nvmap.o)
                0x0000000000010350                nvioctlNvmap_Free
 *fill*         0x0000000000010384        0xc 
 .text.nvioctlNvmap_GetId
                0x0000000000010390       0x40 C:/Users/Admin/Dev/devkitPro/libnx/lib\libnx.a(nvmap.o)
                0x0000000000010390                nvioctlNvmap_GetId
 .text.bqRequestBuffer
                0x00000000000103d0       0xd8 C:/Users/Admin/Dev/devkitPro/libnx/lib\libnx.a(buffer_producer.o)
                0x00000000000103d0                bqRequestBuffer
 *fill*         0x00000000000104a8        0x8 
 .text.bqDequeueBuffer
                0x00000000000104b0      0x160 C:/Users/Admin/Dev/devkitPro/libnx/lib\libnx.a(buffer_producer.o)
                0x00000000000104b0                bqDequeueBuffer
 .text.bqQueueBuffer
                0x0000000000010610       0xdc C:/Users/Admin/Dev/devkitPro/libnx/lib\libnx.a(buffer_producer.o)
                0x0000000000010610                bqQueueBuffer
 *fill*         0x00000000000106ec        0x4 
 .text.bqCancelBuffer
                0x00000000000106f0       0x94 C:/Users/Admin/Dev/devkitPro/libnx/lib\libnx.a(buffer_producer.o)
                0x00000000000106f0                bqCancelBuffer
 *fill*         0x0000000000010784        0xc 
 .text.bqConnect
                0x0000000000010790       0xe4 C:/Users/Admin/Dev/devkitPro/libnx/lib\libnx.a(buffer_producer.o)
                0x0000000000010790                bqConnect
 *fill*         0x0000000000010874        0xc 
 .text.bqDisconnect
                0x0000000000010880       0x9c C:/Users/Admin/Dev/devkitPro/libnx/lib\libnx.a(buffer_producer.o)
                0x0000000000010880                bqDisconnect
 *fill*         0x000000000001091c        0x4 
 .text.bqSetPreallocatedBuffer
                0x0000000000010920      0x174 C:/Users/Admin/Dev/devkitPro/libnx/lib\libnx.a(buffer_producer.o)
                0x0000000000010920                bqSetPreallocatedBuffer
 *fill*         0x0000000000010a94        0xc 
 .text.binderCreate
                0x0000000000010aa0       0x1c C:/Users/Admin/Dev/devkitPro/libnx/lib\libnx.a(binder.o)
                0x0000000000010aa0                binderCreate
 *fill*         0x0000000000010abc        0x4 
 .text.binderTransactParcel
                0x0000000000010ac0      0x3c4 C:/Users/Admin/Dev/devkitPro/libnx/lib\libnx.a(binder.o)
                0x0000000000010ac0                binderTransactParcel
 *fill*         0x0000000000010e84        0xc 
 .text.binderConvertErrorCode
                0x0000000000010e90       0xec C:/Users/Admin/Dev/devkitPro/libnx/lib\libnx.a(binder.o)
                0x0000000000010e90                binderConvertErrorCode
 *fill*         0x0000000000010f7c        0x4 
 .text.binderAdjustRefcount
                0x0000000000010f80      0x124 C:/Users/Admin/Dev/devkitPro/libnx/lib\libnx.a(binder.o)
                0x0000000000010f80                binderAdjustRefcount
 *fill*         0x00000000000110a4        0xc 
 .text.binderInitSession
                0x00000000000110b0       0x98 C:/Users/Admin/Dev/devkitPro/libnx/lib\libnx.a(binder.o)
                0x00000000000110b0                binderInitSession
 *fill*         0x0000000000011148        0x8 
 .text.binderClose
                0x0000000000011150       0x68 C:/Users/Admin/Dev/devkitPro/libnx/lib\libnx.a(binder.o)
                0x0000000000011150                binderClose
 *fill*         0x00000000000111b8        0x8 
 .text.binderGetNativeHandle
                0x00000000000111c0      0x158 C:/Users/Admin/Dev/devkitPro/libnx/lib\libnx.a(binder.o)
                0x00000000000111c0                binderGetNativeHandle
 *fill*         0x0000000000011318        0x8 
 .text.parcelCreate
                0x0000000000011320       0x30 C:/Users/Admin/Dev/devkitPro/libnx/lib\libnx.a(parcel.o)
                0x0000000000011320                parcelCreate
 .text.parcelTransact
                0x0000000000011350      0x19c C:/Users/Admin/Dev/devkitPro/libnx/lib\libnx.a(parcel.o)
                0x0000000000011350                parcelTransact
 *fill*         0x00000000000114ec        0x4 
 .text.parcelWriteData
                0x00000000000114f0       0x88 C:/Users/Admin/Dev/devkitPro/libnx/lib\libnx.a(parcel.o)
                0x00000000000114f0                parcelWriteData
 *fill*         0x0000000000011578        0x8 
 .text.parcelReadData
                0x0000000000011580       0x98 C:/Users/Admin/Dev/devkitPro/libnx/lib\libnx.a(parcel.o)
                0x0000000000011580                parcelReadData
 *fill*         0x0000000000011618        0x8 
 .text.parcelWriteInt32
                0x0000000000011620       0x20 C:/Users/Admin/Dev/devkitPro/libnx/lib\libnx.a(parcel.o)
                0x0000000000011620                parcelWriteInt32
 .text.parcelWriteUInt32
                0x0000000000011640       0x20 C:/Users/Admin/Dev/devkitPro/libnx/lib\libnx.a(parcel.o)
                0x0000000000011640                parcelWriteUInt32
 .text.parcelWriteString16
                0x0000000000011660       0x7c C:/Users/Admin/Dev/devkitPro/libnx/lib\libnx.a(parcel.o)
                0x0000000000011660                parcelWriteString16
 *fill*         0x00000000000116dc        0x4 
 .text.parcelWriteInterfaceToken
                0x00000000000116e0       0x30 C:/Users/Admin/Dev/devkitPro/libnx/lib\libnx.a(parcel.o)
                0x00000000000116e0                parcelWriteInterfaceToken
 .text.parcelReadInt32
                0x0000000000011710       0x24 C:/Users/Admin/Dev/devkitPro/libnx/lib\libnx.a(parcel.o)
                0x0000000000011710                parcelReadInt32
 *fill*         0x0000000000011734        0xc 
 .text.parcelReadFlattenedObject
                0x0000000000011740       0x68 C:/Users/Admin/Dev/devkitPro/libnx/lib\libnx.a(parcel.o)
                0x0000000000011740                parcelReadFlattenedObject
 *fill*         0x00000000000117a8        0x8 
 .text.parcelWriteFlattenedObject
                0x00000000000117b0       0x4c C:/Users/Admin/Dev/devkitPro/libnx/lib\libnx.a(parcel.o)
                0x00000000000117b0                parcelWriteFlattenedObject
 *fill*         0x00000000000117fc        0x4 
 .text.nxlinkSetup
                0x0000000000011800       0xc4 C:/Users/Admin/Dev/devkitPro/libnx/lib\libnx.a(nxlink.o)
                0x0000000000011800                nxlinkSetup
 *fill*         0x00000000000118c4        0xc 
 .text.sessionmgrCreate
                0x00000000000118d0      0x178 C:/Users/Admin/Dev/devkitPro/libnx/lib\libnx.a(sessionmgr.o)
                0x00000000000118d0                sessionmgrCreate
 *fill*         0x0000000000011a48        0x8 
 .text.sessionmgrClose
                0x0000000000011a50       0x84 C:/Users/Admin/Dev/devkitPro/libnx/lib\libnx.a(sessionmgr.o)
                0x0000000000011a50                sessionmgrClose
 *fill*         0x0000000000011ad4        0xc 
 .text.sessionmgrAttachClient
                0x0000000000011ae0       0xb4 C:/Users/Admin/Dev/devkitPro/libnx/lib\libnx.a(sessionmgr.o)
                0x0000000000011ae0                sessionmgrAttachClient
 *fill*         0x0000000000011b94        0xc 
 .text.sessionmgrDetachClient
                0x0000000000011ba0       0x70 C:/Users/Admin/Dev/devkitPro/libnx/lib\libnx.a(sessionmgr.o)
                0x0000000000011ba0                sessionmgrDetachClient
 .text.aligned_alloc
                0x0000000000011c10       0x2c c:/users/admin/dev/devkitpro/devkita64/bin/../lib/gcc/aarch64-none-elf/12.2.0/../../../../aarch64-none-elf/lib/pic\libg.a(libc_a-aligned_alloc.o)
                0x0000000000011c10                aligned_alloc
 *fill*         0x0000000000011c3c        0x4 
 .text.malloc   0x0000000000011c40       0x24 c:/users/admin/dev/devkitpro/devkita64/bin/../lib/gcc/aarch64-none-elf/12.2.0/../../../../aarch64-none-elf/lib/pic\libg.a(libc_a-malloc.o)
                0x0000000000011c40                malloc
 *fill*         0x0000000000011c64        0xc 
 .text.free     0x0000000000011c70       0x24 c:/users/admin/dev/devkitpro/devkita64/bin/../lib/gcc/aarch64-none-elf/12.2.0/../../../../aarch64-none-elf/lib/pic\libg.a(libc_a-malloc.o)
                0x0000000000011c70                free
 *fill*         0x0000000000011c94        0xc 
 .text._malloc_r
                0x0000000000011ca0      0x830 c:/users/admin/dev/devkitpro/devkita64/bin/../lib/gcc/aarch64-none-elf/12.2.0/../../../../aarch64-none-elf/lib/pic\libg.a(libc_a-mallocr.o)
                0x0000000000011ca0                _malloc_r
 .text.__malloc_lock
                0x00000000000124d0        0xc c:/users/admin/dev/devkitpro/devkita64/bin/../lib/gcc/aarch64-none-elf/12.2.0/../../../../aarch64-none-elf/lib/pic\libg.a(libc_a-mlock.o)
                0x00000000000124d0                __malloc_lock
 *fill*         0x00000000000124dc        0x4 
 .text.__malloc_unlock
                0x00000000000124e0        0xc c:/users/admin/dev/devkitpro/devkita64/bin/../lib/gcc/aarch64-none-elf/12.2.0/../../../../aarch64-none-elf/lib/pic\libg.a(libc_a-mlock.o)
                0x00000000000124e0                __malloc_unlock
 *fill*         0x00000000000124ec        0x4 
 .text._strtoul_l.constprop.0
                0x00000000000124f0      0x198 c:/users/admin/dev/devkitpro/devkita64/bin/../lib/gcc/aarch64-none-elf/12.2.0/../../../../aarch64-none-elf/lib/pic\libg.a(libc_a-strtoul.o)
 *fill*         0x0000000000012688        0x8 
 .text._strtoul_r
                0x0000000000012690       0x44 c:/users/admin/dev/devkitpro/devkita64/bin/../lib/gcc/aarch64-none-elf/12.2.0/../../../../aarch64-none-elf/lib/pic\libg.a(libc_a-strtoul.o)
                0x0000000000012690                _strtoul_r
 *fill*         0x00000000000126d4        0xc 
 .text.strtoul  0x00000000000126e0       0x48 c:/users/admin/dev/devkitpro/devkita64/bin/../lib/gcc/aarch64-none-elf/12.2.0/../../../../aarch64-none-elf/lib/pic\libg.a(libc_a-strtoul.o)
                0x00000000000126e0                strtoul
 *fill*         0x0000000000012728        0x8 
 .text._memalign_r
                0x0000000000012730      0x180 c:/users/admin/dev/devkitpro/devkita64/bin/../lib/gcc/aarch64-none-elf/12.2.0/../../../../aarch64-none-elf/lib/pic\libg.a(libc_a-malignr.o)
                0x0000000000012730                _memalign_r
 .text.setenv   0x00000000000128b0       0x3c c:/users/admin/dev/devkitpro/devkita64/bin/../lib/gcc/aarch64-none-elf/12.2.0/../../../../aarch64-none-elf/lib/pic\libg.a(libc_a-setenv.o)
                0x00000000000128b0                setenv
 *fill*         0x00000000000128ec        0x4 
 .text._setenv_r
                0x00000000000128f0      0x254 c:/users/admin/dev/devkitpro/devkita64/bin/../lib/gcc/aarch64-none-elf/12.2.0/../../../../aarch64-none-elf/lib/pic\libg.a(libc_a-setenv_r.o)
                0x00000000000128f0                _setenv_r
 *fill*         0x0000000000012b44        0xc 
 .text.bsearch  0x0000000000012b50       0xb8 c:/users/admin/dev/devkitpro/devkita64/bin/../lib/gcc/aarch64-none-elf/12.2.0/../../../../aarch64-none-elf/lib/pic\libg.a(libc_a-bsearch.o)
                0x0000000000012b50                bsearch
 *fill*         0x0000000000012c08        0x8 
 .text.stdio_exit_handler
                0x0000000000012c10       0x1c c:/users/admin/dev/devkitpro/devkita64/bin/../lib/gcc/aarch64-none-elf/12.2.0/../../../../aarch64-none-elf/lib/pic\libg.a(libc_a-findfp.o)
 *fill*         0x0000000000012c2c        0x4 
 .text.cleanup_stdio
                0x0000000000012c30       0x6c c:/users/admin/dev/devkitpro/devkita64/bin/../lib/gcc/aarch64-none-elf/12.2.0/../../../../aarch64-none-elf/lib/pic\libg.a(libc_a-findfp.o)
 *fill*         0x0000000000012c9c        0x4 
 .text.global_stdio_init.part.0
                0x0000000000012ca0      0x140 c:/users/admin/dev/devkitpro/devkita64/bin/../lib/gcc/aarch64-none-elf/12.2.0/../../../../aarch64-none-elf/lib/pic\libg.a(libc_a-findfp.o)
 .text.__sfp_lock_acquire
                0x0000000000012de0        0xc c:/users/admin/dev/devkitpro/devkita64/bin/../lib/gcc/aarch64-none-elf/12.2.0/../../../../aarch64-none-elf/lib/pic\libg.a(libc_a-findfp.o)
                0x0000000000012de0                __sfp_lock_acquire
 *fill*         0x0000000000012dec        0x4 
 .text.__sfp_lock_release
                0x0000000000012df0        0xc c:/users/admin/dev/devkitpro/devkita64/bin/../lib/gcc/aarch64-none-elf/12.2.0/../../../../aarch64-none-elf/lib/pic\libg.a(libc_a-findfp.o)
                0x0000000000012df0                __sfp_lock_release
 *fill*         0x0000000000012dfc        0x4 
 .text.__sinit  0x0000000000012e00       0x54 c:/users/admin/dev/devkitpro/devkita64/bin/../lib/gcc/aarch64-none-elf/12.2.0/../../../../aarch64-none-elf/lib/pic\libg.a(libc_a-findfp.o)
                0x0000000000012e00                __sinit
 *fill*         0x0000000000012e54        0xc 
 .text._fwalk_sglue
                0x0000000000012e60       0xa0 c:/users/admin/dev/devkitpro/devkita64/bin/../lib/gcc/aarch64-none-elf/12.2.0/../../../../aarch64-none-elf/lib/pic\libg.a(libc_a-fwalk.o)
                0x0000000000012e60                _fwalk_sglue
 .text.printf   0x0000000000012f00       0x84 c:/users/admin/dev/devkitpro/devkita64/bin/../lib/gcc/aarch64-none-elf/12.2.0/../../../../aarch64-none-elf/lib/pic\libg.a(libc_a-printf.o)
                0x0000000000012f00                printf
 *fill*         0x0000000000012f84        0xc 
 .text.putchar  0x0000000000012f90       0x28 c:/users/admin/dev/devkitpro/devkita64/bin/../lib/gcc/aarch64-none-elf/12.2.0/../../../../aarch64-none-elf/lib/pic\libg.a(libc_a-putchar.o)
                0x0000000000012f90                putchar
 *fill*         0x0000000000012fb8        0x8 
 .text._puts_r  0x0000000000012fc0       0xd0 c:/users/admin/dev/devkitpro/devkita64/bin/../lib/gcc/aarch64-none-elf/12.2.0/../../../../aarch64-none-elf/lib/pic\libg.a(libc_a-puts.o)
                0x0000000000012fc0                _puts_r
 .text.puts     0x0000000000013090       0x24 c:/users/admin/dev/devkitpro/devkita64/bin/../lib/gcc/aarch64-none-elf/12.2.0/../../../../aarch64-none-elf/lib/pic\libg.a(libc_a-puts.o)
                0x0000000000013090                puts
 *fill*         0x00000000000130b4        0xc 
 .text.setvbuf  0x00000000000130c0      0x254 c:/users/admin/dev/devkitpro/devkita64/bin/../lib/gcc/aarch64-none-elf/12.2.0/../../../../aarch64-none-elf/lib/pic\libg.a(libc_a-setvbuf.o)
                0x00000000000130c0                setvbuf
 *fill*         0x0000000000013314        0xc 
 .text.sscanf   0x0000000000013320       0xbc c:/users/admin/dev/devkitpro/devkita64/bin/../lib/gcc/aarch64-none-elf/12.2.0/../../../../aarch64-none-elf/lib/pic\libg.a(libc_a-sscanf.o)
                0x0000000000013320                sscanf
 *fill*         0x00000000000133dc        0x4 
 .text.__sread  0x00000000000133e0       0x50 c:/users/admin/dev/devkitpro/devkita64/bin/../lib/gcc/aarch64-none-elf/12.2.0/../../../../aarch64-none-elf/lib/pic\libg.a(libc_a-stdio.o)
                0x00000000000133e0                __sread
 .text.__seofread
                0x0000000000013430        0x8 c:/users/admin/dev/devkitpro/devkita64/bin/../lib/gcc/aarch64-none-elf/12.2.0/../../../../aarch64-none-elf/lib/pic\libg.a(libc_a-stdio.o)
                0x0000000000013430                __seofread
 *fill*         0x0000000000013438        0x8 
 .text.__swrite
                0x0000000000013440       0x6c c:/users/admin/dev/devkitpro/devkita64/bin/../lib/gcc/aarch64-none-elf/12.2.0/../../../../aarch64-none-elf/lib/pic\libg.a(libc_a-stdio.o)
                0x0000000000013440                __swrite
 *fill*         0x00000000000134ac        0x4 
 .text.__sseek  0x00000000000134b0       0x50 c:/users/admin/dev/devkitpro/devkita64/bin/../lib/gcc/aarch64-none-elf/12.2.0/../../../../aarch64-none-elf/lib/pic\libg.a(libc_a-stdio.o)
                0x00000000000134b0                __sseek
 .text.__sclose
                0x0000000000013500        0x8 c:/users/admin/dev/devkitpro/devkita64/bin/../lib/gcc/aarch64-none-elf/12.2.0/../../../../aarch64-none-elf/lib/pic\libg.a(libc_a-stdio.o)
                0x0000000000013500                __sclose
 *fill*         0x0000000000013508        0x8 
 .text.strncat  0x0000000000013510       0x78 c:/users/admin/dev/devkitpro/devkita64/bin/../lib/gcc/aarch64-none-elf/12.2.0/../../../../aarch64-none-elf/lib/pic\libg.a(libc_a-strncat.o)
                0x0000000000013510                strncat
 *fill*         0x0000000000013588        0x8 
 .text.strncpy  0x0000000000013590       0x90 c:/users/admin/dev/devkitpro/devkita64/bin/../lib/gcc/aarch64-none-elf/12.2.0/../../../../aarch64-none-elf/lib/pic\libg.a(libc_a-strncpy.o)
                0x0000000000013590                strncpy
 .text.gmtime   0x0000000000013620       0x2c c:/users/admin/dev/devkitpro/devkita64/bin/../lib/gcc/aarch64-none-elf/12.2.0/../../../../aarch64-none-elf/lib/pic\libg.a(libc_a-gmtime.o)
                0x0000000000013620                gmtime
 *fill*         0x000000000001364c        0x4 
 .text.gmtime_r
                0x0000000000013650      0x2a0 c:/users/admin/dev/devkitpro/devkita64/bin/../lib/gcc/aarch64-none-elf/12.2.0/../../../../aarch64-none-elf/lib/pic\libg.a(libc_a-gmtime_r.o)
                0x0000000000013650                gmtime_r
 .text.__getreent
                0x00000000000138f0       0x10 c:/users/admin/dev/devkitpro/devkita64/bin/../lib/gcc/aarch64-none-elf/12.2.0/../../../../aarch64-none-elf/lib/pic\libg.a(libc_a-getreent.o)
                0x00000000000138f0                __getreent
 .text.__errno  0x0000000000013900       0x14 c:/users/admin/dev/devkitpro/devkita64/bin/../lib/gcc/aarch64-none-elf/12.2.0/../../../../aarch64-none-elf/lib/pic\libg.a(libc_a-errno.o)
                0x0000000000013900                __errno
 *fill*         0x0000000000013914        0xc 
 .text.__libc_init_array
                0x0000000000013920       0x94 c:/users/admin/dev/devkitpro/devkita64/bin/../lib/gcc/aarch64-none-elf/12.2.0/../../../../aarch64-none-elf/lib/pic\libg.a(libc_a-init.o)
                0x0000000000013920                __libc_init_array
 *fill*         0x00000000000139b4        0xc 
 .text.__libc_fini_array
                0x00000000000139c0       0x44 c:/users/admin/dev/devkitpro/devkita64/bin/../lib/gcc/aarch64-none-elf/12.2.0/../../../../aarch64-none-elf/lib/pic\libg.a(libc_a-fini.o)
                0x00000000000139c0                __libc_fini_array
 .text          0x0000000000013a04       0xd8 c:/users/admin/dev/devkitpro/devkita64/bin/../lib/gcc/aarch64-none-elf/12.2.0/../../../../aarch64-none-elf/lib/pic\libg.a(libc_a-memchr.o)
                0x0000000000013a04                memchr
 *fill*         0x0000000000013adc       0x24 
 .text          0x0000000000013b00      0x16c c:/users/admin/dev/devkitpro/devkita64/bin/../lib/gcc/aarch64-none-elf/12.2.0/../../../../aarch64-none-elf/lib/pic\libg.a(libc_a-memcpy.o)
                0x0000000000013b00                memcpy
 *fill*         0x0000000000013c6c       0x14 
 .text          0x0000000000013c80      0x1dc c:/users/admin/dev/devkitpro/devkita64/bin/../lib/gcc/aarch64-none-elf/12.2.0/../../../../aarch64-none-elf/lib/pic\libg.a(libc_a-memset.o)
                0x0000000000013c80                memset
 .text          0x0000000000013e5c       0xdc c:/users/admin/dev/devkitpro/devkita64/bin/../lib/gcc/aarch64-none-elf/12.2.0/../../../../aarch64-none-elf/lib/pic\libg.a(libc_a-strchr.o)
                0x0000000000013e5c                strchr
 *fill*         0x0000000000013f38        0x8 
 .text          0x0000000000013f40       0xe4 c:/users/admin/dev/devkitpro/devkita64/bin/../lib/gcc/aarch64-none-elf/12.2.0/../../../../aarch64-none-elf/lib/pic\libg.a(libc_a-strcmp.o)
                0x0000000000013f40                strcmp
 *fill*         0x0000000000014024       0x1c 
 .text          0x0000000000014040      0x140 c:/users/admin/dev/devkitpro/devkita64/bin/../lib/gcc/aarch64-none-elf/12.2.0/../../../../aarch64-none-elf/lib/pic\libg.a(libc_a-strlen.o)
                0x0000000000014040                strlen
 .text          0x0000000000014180      0x1d4 c:/users/admin/dev/devkitpro/devkita64/bin/../lib/gcc/aarch64-none-elf/12.2.0/../../../../aarch64-none-elf/lib/pic\libg.a(libc_a-strncmp.o)
                0x000000000001419c                strncmp
 *fill*         0x0000000000014354       0x2c 
 .text          0x0000000000014380       0xe0 c:/users/admin/dev/devkitpro/devkita64/bin/../lib/gcc/aarch64-none-elf/12.2.0/../../../../aarch64-none-elf/lib/pic\libg.a(libc_a-strnlen.o)
                0x00000000000143a4                strnlen
 .text.__call_exitprocs
                0x0000000000014460      0x124 c:/users/admin/dev/devkitpro/devkita64/bin/../lib/gcc/aarch64-none-elf/12.2.0/../../../../aarch64-none-elf/lib/pic\libg.a(libc_a-__call_atexit.o)
                0x0000000000014460                __call_exitprocs
 *fill*         0x0000000000014584        0xc 
 .text.__env_lock
                0x0000000000014590        0xc c:/users/admin/dev/devkitpro/devkita64/bin/../lib/gcc/aarch64-none-elf/12.2.0/../../../../aarch64-none-elf/lib/pic\libg.a(libc_a-envlock.o)
                0x0000000000014590                __env_lock
 *fill*         0x000000000001459c        0x4 
 .text.__env_unlock
                0x00000000000145a0        0xc c:/users/admin/dev/devkitpro/devkita64/bin/../lib/gcc/aarch64-none-elf/12.2.0/../../../../aarch64-none-elf/lib/pic\libg.a(libc_a-envlock.o)
                0x00000000000145a0                __env_unlock
 *fill*         0x00000000000145ac        0x4 
 .text._malloc_trim_r
                0x00000000000145b0      0x124 c:/users/admin/dev/devkitpro/devkita64/bin/../lib/gcc/aarch64-none-elf/12.2.0/../../../../aarch64-none-elf/lib/pic\libg.a(libc_a-freer.o)
                0x00000000000145b0                _malloc_trim_r
 *fill*         0x00000000000146d4        0xc 
 .text._free_r  0x00000000000146e0      0x2d8 c:/users/admin/dev/devkitpro/devkita64/bin/../lib/gcc/aarch64-none-elf/12.2.0/../../../../aarch64-none-elf/lib/pic\libg.a(libc_a-freer.o)
                0x00000000000146e0                _free_r
 *fill*         0x00000000000149b8        0x8 
 .text._findenv_r
                0x00000000000149c0       0xfc c:/users/admin/dev/devkitpro/devkita64/bin/../lib/gcc/aarch64-none-elf/12.2.0/../../../../aarch64-none-elf/lib/pic\libg.a(libc_a-getenv_r.o)
                0x00000000000149c0                _findenv_r
 *fill*         0x0000000000014abc        0x4 
 .text._realloc_r
                0x0000000000014ac0      0x524 c:/users/admin/dev/devkitpro/devkita64/bin/../lib/gcc/aarch64-none-elf/12.2.0/../../../../aarch64-none-elf/lib/pic\libg.a(libc_a-reallocr.o)
                0x0000000000014ac0                _realloc_r
 *fill*         0x0000000000014fe4        0xc 
 .text.memalign
                0x0000000000014ff0       0x2c c:/users/admin/dev/devkitpro/devkita64/bin/../lib/gcc/aarch64-none-elf/12.2.0/../../../../aarch64-none-elf/lib/pic\libg.a(libc_a-malign.o)
                0x0000000000014ff0                memalign
 .text.get_arg  0x000000000001501c       0x74 c:/users/admin/dev/devkitpro/devkita64/bin/../lib/gcc/aarch64-none-elf/12.2.0/../../../../aarch64-none-elf/lib/pic\libg.a(libc_a-svfscanf.o)
 .text.__ssvfscanf_r
                0x0000000000015090     0x30ec c:/users/admin/dev/devkitpro/devkita64/bin/../lib/gcc/aarch64-none-elf/12.2.0/../../../../aarch64-none-elf/lib/pic\libg.a(libc_a-svfscanf.o)
                0x0000000000015090                __ssvfscanf_r
 .text.get_arg  0x000000000001817c      0x804 c:/users/admin/dev/devkitpro/devkita64/bin/../lib/gcc/aarch64-none-elf/12.2.0/../../../../aarch64-none-elf/lib/pic\libg.a(libc_a-vfprintf.o)
 .text._vfprintf_r
                0x0000000000018980     0x3c88 c:/users/admin/dev/devkitpro/devkita64/bin/../lib/gcc/aarch64-none-elf/12.2.0/../../../../aarch64-none-elf/lib/pic\libg.a(libc_a-vfprintf.o)
                0x0000000000018980                _vfprintf_r
 .text.__sbprintf
                0x000000000001c608       0xd0 c:/users/admin/dev/devkitpro/devkita64/bin/../lib/gcc/aarch64-none-elf/12.2.0/../../../../aarch64-none-elf/lib/pic\libg.a(libc_a-vfprintf.o)
 .text.get_arg  0x000000000001c6d8      0x804 c:/users/admin/dev/devkitpro/devkita64/bin/../lib/gcc/aarch64-none-elf/12.2.0/../../../../aarch64-none-elf/lib/pic\libg.a(libc_a-vfiprintf.o)
 .text.__sprint_r
                0x000000000001cedc       0x38 c:/users/admin/dev/devkitpro/devkita64/bin/../lib/gcc/aarch64-none-elf/12.2.0/../../../../aarch64-none-elf/lib/pic\libg.a(libc_a-vfiprintf.o)
                0x000000000001cedc                __sprint_r
 .text._vfiprintf_r
                0x000000000001cf14     0x2974 c:/users/admin/dev/devkitpro/devkita64/bin/../lib/gcc/aarch64-none-elf/12.2.0/../../../../aarch64-none-elf/lib/pic\libg.a(libc_a-vfiprintf.o)
                0x000000000001cf14                _vfiprintf_r
 .text.__sbprintf
                0x000000000001f888       0xd0 c:/users/admin/dev/devkitpro/devkita64/bin/../lib/gcc/aarch64-none-elf/12.2.0/../../../../aarch64-none-elf/lib/pic\libg.a(libc_a-vfiprintf.o)
 *fill*         0x000000000001f958        0x8 
 .text._fclose_r
                0x000000000001f960      0x138 c:/users/admin/dev/devkitpro/devkita64/bin/../lib/gcc/aarch64-none-elf/12.2.0/../../../../aarch64-none-elf/lib/pic\libg.a(libc_a-fclose.o)
                0x000000000001f960                _fclose_r
 *fill*         0x000000000001fa98        0x8 
 .text.__sflush_r
                0x000000000001faa0      0x208 c:/users/admin/dev/devkitpro/devkita64/bin/../lib/gcc/aarch64-none-elf/12.2.0/../../../../aarch64-none-elf/lib/pic\libg.a(libc_a-fflush.o)
                0x000000000001faa0                __sflush_r
 *fill*         0x000000000001fca8        0x8 
 .text._fflush_r
                0x000000000001fcb0       0xb8 c:/users/admin/dev/devkitpro/devkita64/bin/../lib/gcc/aarch64-none-elf/12.2.0/../../../../aarch64-none-elf/lib/pic\libg.a(libc_a-fflush.o)
                0x000000000001fcb0                _fflush_r
 *fill*         0x000000000001fd68        0x8 
 .text.__sfvwrite_r
                0x000000000001fd70      0x4cc c:/users/admin/dev/devkitpro/devkita64/bin/../lib/gcc/aarch64-none-elf/12.2.0/../../../../aarch64-none-elf/lib/pic\libg.a(libc_a-fvwrite.o)
                0x000000000001fd70                __sfvwrite_r
 *fill*         0x000000000002023c        0x4 
 .text.__swhatbuf_r
                0x0000000000020240       0x94 c:/users/admin/dev/devkitpro/devkita64/bin/../lib/gcc/aarch64-none-elf/12.2.0/../../../../aarch64-none-elf/lib/pic\libg.a(libc_a-makebuf.o)
                0x0000000000020240                __swhatbuf_r
 *fill*         0x00000000000202d4        0xc 
 .text.__smakebuf_r
                0x00000000000202e0      0x108 c:/users/admin/dev/devkitpro/devkita64/bin/../lib/gcc/aarch64-none-elf/12.2.0/../../../../aarch64-none-elf/lib/pic\libg.a(libc_a-makebuf.o)
                0x00000000000202e0                __smakebuf_r
 *fill*         0x00000000000203e8        0x8 
 .text._putc_r  0x00000000000203f0       0xe0 c:/users/admin/dev/devkitpro/devkita64/bin/../lib/gcc/aarch64-none-elf/12.2.0/../../../../aarch64-none-elf/lib/pic\libg.a(libc_a-putc.o)
                0x00000000000203f0                _putc_r
 .text.__sccl   0x00000000000204d0       0xd4 c:/users/admin/dev/devkitpro/devkita64/bin/../lib/gcc/aarch64-none-elf/12.2.0/../../../../aarch64-none-elf/lib/pic\libg.a(libc_a-sccl.o)
                0x00000000000204d0                __sccl
 *fill*         0x00000000000205a4        0xc 
 .text.sprintf  0x00000000000205b0       0xa8 c:/users/admin/dev/devkitpro/devkita64/bin/../lib/gcc/aarch64-none-elf/12.2.0/../../../../aarch64-none-elf/lib/pic\libg.a(libc_a-sprintf.o)
                0x00000000000205b0                sprintf
 *fill*         0x0000000000020658        0x8 
 .text.__swbuf_r